Microchip MPLAB XC8 Compiler V2.10 ()

Linker command line:

--edf=/opt/microchip/xc8/v2.10/pic/dat/en_msgs.txt -cs \
  -h+dist/free/production/ECG-TFT.X.production.sym \
  --cmf=dist/free/production/ECG-TFT.X.production.cmf -z -Q18F2455 \
  -o/tmp/xcXwCvsSG --defsym=__MPLAB_BUILD=1 \
  -Mdist/free/production/ECG-TFT.X.production.map -E1 -ver=XC8 --acfsm=1493 \
  -ASTACK=0282h-07FFh -pstack=STACK -ACODE=00h-05FFFh -ACONST=00h-05FFFh \
  -ASMALLCONST=0800h-08FFhx88 -AMEDIUMCONST=0800h-05FFFh -ACOMRAM=01h-05Fh \
  -AABS1=00h-07FFh -ABIGRAM=01h-07FFh -ARAM=060h-0FFh,0100h-01FFhx7 \
  -ABANK0=060h-0FFh -ABANK1=0100h-01FFh -ABANK2=0200h-02FFh \
  -ABANK3=0300h-03FFh -ABANK4=0400h-04FFh -ABANK5=0500h-05FFh \
  -ABANK6=0600h-06FFh -ABANK7=0700h-07FFh -ASFR=0F60h-0FFFh \
  -preset_vec=00h,intcode=08h,intcodelo,powerup,init -pramtop=0800h \
  -psmallconst=SMALLCONST -pmediumconst=MEDIUMCONST -pconst=CONST \
  -AFARRAM=00h-00h -ACONFIG=0300000h-030000Dh -pconfig=CONFIG \
  -AIDLOC=0200000h-0200007h -pidloc=IDLOC -AEEDATA=0F00000h-0F000FFh \
  -peeprom_data=EEDATA \
  -prdata=COMRAM,nvrram=COMRAM,nvbit=COMRAM,rbss=COMRAM,rbit=COMRAM \
  -pfarbss=FARRAM,fardata=FARRAM,nvFARRAM=FARRAM \
  -pintsave_regs=BIGRAM,bigbss=BIGRAM,bigdata=BIGRAM -pbss=RAM \
  -pidata=CODE,irdata=CODE,ibigdata=CODE,ifardata=CODE -prparam=COMRAM \
  /tmp/xcXspNQG7.o dist/free/production/ECG-TFT.X.production.o 

Object code version is 3.11

Machine type is 18F2455

Call graph: (short form)




                Name                               Link     Load   Length Selector   Space Scale
/tmp/xcXspNQG7.o
                init                                  E        E        4        4       0
                reset_vec                             0        0        4        0       0
                idloc                            200000   200000        8   200000       0
                config                           300000   300000        E   300000       0
dist/free/production/ECG-TFT.X.production.o
                intcode                               8        8        6        4       0
                temp                                 5B       5B        1        1       1
                mediumconst                        585A     585A      7A6     2C2D       0
                text56                             219E     219E       64        4       0
                text55                             2684     2684       20        4       0
                intcode_body                       1F90     1F90       6E        4       0
                text53                             1BBA     1BBA       88        4       0
                text52                             22FE     22FE       4C        4       0
                text51                             254A     254A       38        4       0
                text50                             1692     1692       D6        4       0
                text49                             26FA     26FA        6        4       0
                text48                             26DC     26DC       18        4       0
                text47                             241C     241C       40        4       0
                text46                             22B0     22B0       4E        4       0
                text45                             2510     2510       3A        4       0
                text44                             2202     2202       60        4       0
                text43                             2068     2068       6A        4       0
                text42                             18EA     18EA       A4        4       0
                text41                             1C42     1C42       84        4       0
                text40                             23D8     23D8       44        4       0
                text39                              DE6      DE6      182        4       0
                text38                             1D48     1D48       7A        4       0
                text37                             263E     263E       26        4       0
                text36                             2618     2618       26        4       0
                text35                             1E3A     1E3A       76        4       0
                text34                             245C     245C       3E        4       0
                text33                              A0A      A0A      1F4        4       0
                text32                             198E     198E       90        4       0
                text31                             1B32     1B32       88        4       0
                text30                             24D6     24D6       3A        4       0
                text29                             1AAA     1AAA       88        4       0
                text28                             25B6     25B6       32        4       0
                text27                              616      616      3F4        4       0
                text26                             15B8     15B8       DA        4       0
                text25                             26C2     26C2       1A        4       0
                text24                             234A     234A       48        4       0
                text23                             2392     2392       46        4       0
                text22                             249A     249A       3C        4       0
                text21                             1768     1768       C4        4       0
                text20                             2582     2582       34        4       0
                text19                              BFE      BFE      1E8        4       0
                text18                             1DC2     1DC2       78        4       0
                text17                             2262     2262       4E        4       0
                text16                             25E8     25E8       30        4       0
                text15                             26A4     26A4       1E        4       0
                text14                             1400     1400       DE        4       0
                text13                             1EB0     1EB0       72        4       0
                text12                             1FFE     1FFE       6A        4       0
                text11                             10BA     10BA      13A        4       0
                text10                             1CC6     1CC6       82        4       0
                text9                              14DE     14DE       DA        4       0
                text8                              182C     182C       BE        4       0
                text7                              2138     2138       66        4       0
                text6                              20D2     20D2       66        4       0
                text5                              131E     131E       E2        4       0
                text4                               F68      F68      152        4       0
                text3                              11F4     11F4      12A        4       0
                text2                              1A1E     1A1E       8C        4       0
                text1                                12       12      604        4       0
                text0                              2664     2664       20        4       0
                cstackCOMRAM                          1        1       56        1       1
                cstackBANK0                          60       60       4C       60       1
                cstackBANK1                         100      100       A8      100       1
                bssBANK2                            200      200       82      200       1
                bssBANK1                            1A8      1A8       18      100       1
                dataBANK0                            C6       C6        6       60       1
                bssBANK0                             AC       AC       1A       60       1
                dataCOMRAM                           59       59        2        1       1
                bssCOMRAM                            57       57        2        1       1
                cinit                              1F22     1F22       6E        4       0
                idataBANK0                         26F4     26F4        6        4       0
                idataCOMRAM                        2700     2700        2        4       0

TOTAL           Name                               Link     Load   Length     Space
        CLASS   STACK          

        CLASS   CODE           
                intcode                               8        8        6         0
                init                                  E        E        4         0
                reset_vec                             0        0        4         0
                text56                             219E     219E       64         0
                text55                             2684     2684       20         0
                intcode_body                       1F90     1F90       6E         0
                text53                             1BBA     1BBA       88         0
                text52                             22FE     22FE       4C         0
                text51                             254A     254A       38         0
                text50                             1692     1692       D6         0
                text49                             26FA     26FA        6         0
                text48                             26DC     26DC       18         0
                text47                             241C     241C       40         0
                text46                             22B0     22B0       4E         0
                text45                             2510     2510       3A         0
                text44                             2202     2202       60         0
                text43                             2068     2068       6A         0
                text42                             18EA     18EA       A4         0
                text41                             1C42     1C42       84         0
                text40                             23D8     23D8       44         0
                text39                              DE6      DE6      182         0
                text38                             1D48     1D48       7A         0
                text37                             263E     263E       26         0
                text36                             2618     2618       26         0
                text35                             1E3A     1E3A       76         0
                text34                             245C     245C       3E         0
                text33                              A0A      A0A      1F4         0
                text32                             198E     198E       90         0
                text31                             1B32     1B32       88         0
                text30                             24D6     24D6       3A         0
                text29                             1AAA     1AAA       88         0
                text28                             25B6     25B6       32         0
                text27                              616      616      3F4         0
                text26                             15B8     15B8       DA         0
                text25                             26C2     26C2       1A         0
                text24                             234A     234A       48         0
                text23                             2392     2392       46         0
                text22                             249A     249A       3C         0
                text21                             1768     1768       C4         0
                text20                             2582     2582       34         0
                text19                              BFE      BFE      1E8         0
                text18                             1DC2     1DC2       78         0
                text17                             2262     2262       4E         0
                text16                             25E8     25E8       30         0
                text15                             26A4     26A4       1E         0
                text14                             1400     1400       DE         0
                text13                             1EB0     1EB0       72         0
                text12                             1FFE     1FFE       6A         0
                text11                             10BA     10BA      13A         0
                text10                             1CC6     1CC6       82         0
                text9                              14DE     14DE       DA         0
                text8                              182C     182C       BE         0
                text7                              2138     2138       66         0
                text6                              20D2     20D2       66         0
                text5                              131E     131E       E2         0
                text4                               F68      F68      152         0
                text3                              11F4     11F4      12A         0
                text2                              1A1E     1A1E       8C         0
                text1                                12       12      604         0
                text0                              2664     2664       20         0
                cinit                              1F22     1F22       6E         0
                idataBANK0                         26F4     26F4        6         0
                idataCOMRAM                        2700     2700        2         0

        CLASS   CONST          

        CLASS   SMALLCONST     

        CLASS   MEDIUMCONST    
                mediumconst                        585A     585A      7A6         0

        CLASS   COMRAM         
                temp                                 5B       5B        1         1
                cstackCOMRAM                          1        1       56         1
                dataCOMRAM                           59       59        2         1
                bssCOMRAM                            57       57        2         1

        CLASS   ABS1           

        CLASS   BIGRAM         

        CLASS   RAM            

        CLASS   BANK0          
                cstackBANK0                          60       60       4C         1
                dataBANK0                            C6       C6        6         1
                bssBANK0                             AC       AC       1A         1

        CLASS   BANK1          
                cstackBANK1                         100      100       A8         1
                bssBANK1                            1A8      1A8       18         1

        CLASS   BANK2          
                bssBANK2                            200      200       82         1

        CLASS   BANK3          

        CLASS   BANK4          

        CLASS   BANK5          

        CLASS   BANK6          

        CLASS   BANK7          

        CLASS   SFR            

        CLASS   FARRAM         

        CLASS   CONFIG         
                config                           300000   300000        E         0

        CLASS   IDLOC          
                idloc                            200000   200000        8         0

        CLASS   EEDATA         



SEGMENTS        Name                           Load    Length   Top    Selector   Space  Class

                reset_vec                      000000  000004  000004         0       0  CODE    
                cstackCOMRAM                   000001  00005B  00005C         1       1  COMRAM  
                intcode                        000008  0026FA  002702         4       0  CODE    
                cstackBANK0                    000060  00006C  0000CC        60       1  BANK0   
                cstackBANK1                    000100  0000C0  0001C0       100       1  BANK1   
                bssBANK2                       000200  000082  000282       200       1  BANK2   
                mediumconst                    00585A  0007A6  006000      2C2D       0  MEDIUMCO
                idloc                          200000  000008  200008    200000       0  IDLOC   
                config                         300000  00000E  30000E    300000       0  CONFIG  


UNUSED ADDRESS RANGES

        Name                Unused          Largest block    Delta
        BANK0            0000CC-0000FF               34
        BANK1            0001C0-0001FF               40
        BANK2            000282-0002FF               7E
        BANK3            000300-0003FF              100
        BANK4            000400-0004FF              100
        BANK5            000500-0005FF              100
        BANK6            000600-0006FF              100
        BANK7            000700-0007FF              100
        BIGRAM           00005C-00005F                4
                         0000CC-0000FF               34
                         0001C0-0001FF               40
                         000282-0007FF              57E
        CODE             000004-000007                4
                         002702-005859             3158
        COMRAM           00005C-00005F                4
        CONST            000004-000007                4
                         002702-005859             3158
        EEDATA           F00000-F000FF              100
        MEDIUMCONST      002702-005859             3158
        RAM              0000CC-0000FF               34
                         0001C0-0001FF               40
                         000282-0007FF              100
        SFR              000F60-000FFF               A0
        SMALLCONST       002702-005859              100
        STACK            000282-0007FF              57E

                                  Symbol Table

?_A6_BaudRateGet                       cstackCOMRAM 00001F
?_A6_BaudRateSet                       cstackBANK0  00006C
?_Ecg_CheckLeads                       cstackCOMRAM 000005
?___awdiv                              cstackCOMRAM 000005
?___lldiv                              cstackCOMRAM 000005
?___llmod                              cstackCOMRAM 000012
?___lmul                               cstackCOMRAM 000005
?___wmul                               cstackCOMRAM 000005
?_abs                                  cstackCOMRAM 000005
?_atol                                 cstackCOMRAM 000011
?_sprintf                              cstackCOMRAM 00004B
?_strchr                               cstackCOMRAM 000005
?_strcmp                               cstackCOMRAM 000005
?_strcspn                              cstackCOMRAM 00000B
?_strlen                               cstackCOMRAM 000005
?_strncmp                              cstackCOMRAM 000009
?_strspn                               cstackCOMRAM 00000B
?_strstr                               cstackCOMRAM 000010
?_strtok                               cstackCOMRAM 000012
A6_BaudRateAutoDetect@i                cstackBANK0  00008C
A6_BaudRateAutoDetect@zzzz             cstackBANK0  00006C
A6_BaudRateGet@baudRate                cstackCOMRAM 000044
A6_BaudRateGet@baudRateToken           cstackCOMRAM 000048
A6_BaudRateGet@j                       cstackCOMRAM 00004A
A6_BaudRateGet@loop                    cstackCOMRAM 000043
A6_BaudRateGet@response                cstackCOMRAM 000023
A6_BaudRateSet@baudRate                cstackBANK0  00006C
A6_BaudRateSet@currentBaudRate         cstackBANK0  0000A4
A6_BaudRateSet@request                 cstackBANK0  000090
A6_BaudRateSet@response                cstackBANK0  000070
A6_Command@command                     cstackCOMRAM 000018
A6_Command@response                    cstackCOMRAM 00001C
A6_Command@responseLen                 cstackCOMRAM 00001E
A6_Command@timeout                     cstackCOMRAM 00001A
A6_IsAlive@loop                        cstackCOMRAM 00003F
A6_IsAlive@response                    cstackCOMRAM 00001F
A6_Process_Random_Comms@cnt            cstackBANK0  000080
A6_Process_Random_Comms@response       cstackBANK0  000060
A6_ReadLine@c                          cstackCOMRAM 000017
A6_ReadLine@iResponse                  cstackCOMRAM 000016
A6_ReadLine@response                   cstackCOMRAM 000011
A6_ReadLine@responseLen                cstackCOMRAM 000013
A6_ReadLine@timeout                    cstackCOMRAM 000014
EUSART_BaudRateSet@baudRate            cstackCOMRAM 000012
EUSART_BaudRateSet@tmp                 cstackCOMRAM 00001A
EUSART_BufferGetChar@timeout           cstackCOMRAM 00000F
EUSART_RX_AvailableData@t              cstackCOMRAM 00000B
EUSART_RX_AvailableData@timeout        cstackCOMRAM 000005
EUSART_RX_Interrupt@c                  cstackCOMRAM 000002
EUSART_TX_Char@c                       cstackCOMRAM 000005
EUSART_TX_String@len                   cstackCOMRAM 00000B
EUSART_TX_String@str                   cstackCOMRAM 000009
Ecg_CheckLeads@leadsStatus             cstackCOMRAM 000008
TFT_DrawChar@bg                        cstackCOMRAM 000031
TFT_DrawChar@c                         cstackCOMRAM 00002E
TFT_DrawChar@color                     cstackCOMRAM 00002F
TFT_DrawChar@i                         cstackCOMRAM 00003E
TFT_DrawChar@j                         cstackCOMRAM 00003D
TFT_DrawChar@line                      cstackCOMRAM 000038
TFT_DrawChar@size                      cstackCOMRAM 000033
TFT_DrawChar@x                         cstackCOMRAM 00002A
TFT_DrawChar@y                         cstackCOMRAM 00002C
TFT_DrawFillRect@color                 cstackCOMRAM 000024
TFT_DrawFillRect@h                     cstackCOMRAM 000022
TFT_DrawFillRect@w                     cstackCOMRAM 000020
TFT_DrawFillRect@x                     cstackCOMRAM 00001C
TFT_DrawFillRect@y                     cstackCOMRAM 00001E
TFT_DrawLine@color                     cstackCOMRAM 00001B
TFT_DrawLine@dx                        cstackCOMRAM 000030
TFT_DrawLine@dy                        cstackCOMRAM 000028
TFT_DrawLine@err                       cstackCOMRAM 00002C
TFT_DrawLine@steep                     cstackCOMRAM 00002E
TFT_DrawLine@t                         cstackCOMRAM 000020
TFT_DrawLine@t_769                     cstackCOMRAM 000022
TFT_DrawLine@t_770                     cstackCOMRAM 000024
TFT_DrawLine@t_771                     cstackCOMRAM 000026
TFT_DrawLine@x0                        cstackCOMRAM 000013
TFT_DrawLine@x1                        cstackCOMRAM 000017
TFT_DrawLine@y0                        cstackCOMRAM 000015
TFT_DrawLine@y1                        cstackCOMRAM 000019
TFT_DrawLine@ystep                     cstackCOMRAM 00002A
TFT_DrawPixel@color                    cstackCOMRAM 000011
TFT_DrawPixel@x                        cstackCOMRAM 00000D
TFT_DrawPixel@y                        cstackCOMRAM 00000F
TFT_DrawString@bg                      cstackCOMRAM 000047
TFT_DrawString@color                   cstackCOMRAM 000045
TFT_DrawString@size                    cstackCOMRAM 000049
TFT_DrawString@str                     cstackCOMRAM 000043
TFT_DrawString@x                       cstackCOMRAM 00003F
TFT_DrawString@y                       cstackCOMRAM 000041
TFT_FillScreen@color                   cstackCOMRAM 00001C
TFT_Flood@blocks                       cstackCOMRAM 000017
TFT_Flood@color                        cstackCOMRAM 00000D
TFT_Flood@color_hi                     cstackCOMRAM 00001A
TFT_Flood@color_lo                     cstackCOMRAM 00001B
TFT_Flood@i                            cstackCOMRAM 000019
TFT_Flood@len                          cstackCOMRAM 00000F
TFT_Init@cmd                           cstackCOMRAM 000024
TFT_Init@data                          cstackCOMRAM 000020
TFT_Init@i                             cstackCOMRAM 000026
TFT_Init@initSequenceSize              cstackCOMRAM 000022
TFT_SetAddrWindow@x1                   cstackCOMRAM 00000D
TFT_SetAddrWindow@x2                   cstackCOMRAM 000011
TFT_SetAddrWindow@y1                   cstackCOMRAM 00000F
TFT_SetAddrWindow@y2                   cstackCOMRAM 000013
TFT_WriteRegister@data                 cstackCOMRAM 000007
TFT_WriteRegister@h                    cstackCOMRAM 000009
TFT_WriteRegister@h_724                cstackCOMRAM 00000B
TFT_WriteRegister@l                    cstackCOMRAM 00000A
TFT_WriteRegister@l_725                cstackCOMRAM 00000C
TFT_WriteRegister@reg                  cstackCOMRAM 000005
_A6_BAUDRATES                          mediumconst  005E4F
_A6_BaudRateAutoDetect                 text26       0015B8
_A6_BaudRateGet                        text4        000F68
_A6_BaudRateSet                        text3        0011F4
_A6_Command                            text45       002510
_A6_Init                               text25       0026C2
_A6_IsAlive                            text43       002068
_A6_Process_Random_Comms               text2        001A1E
_A6_ReadLine                           text50       001692
_ADCON0bits                            (abs)        000FC2
_ADCON1bits                            (abs)        000FC1
_ADCON2bits                            (abs)        000FC0
_ADRESH                                (abs)        000FC4
_ADRESL                                (abs)        000FC3
_BAUDCONbits                           (abs)        000FB8
_CREN                                  (abs)        007D5C
_ECG_BUFFER                            bssBANK0     0000B9
_ECG_FLAGS                             bssCOMRAM    000057
_ECG_HEARTBEAT                         bssBANK0     0000AC
_ECG_HEARTRATE                         bssBANK0     0000BE
_ECG_ICON_HEART                        mediumconst  005E5B
_EUSART_BaudRateSet                    text41       001C42
_EUSART_BufferGetChar                  text52       0022FE
_EUSART_Init                           text24       00234A
_EUSART_RX                             bssBANK2     000200
_EUSART_RX_AvailableData               text53       001BBA
_EUSART_RX_Flush                       text49       0026FA
_EUSART_RX_Interrupt                   text56       00219E
_EUSART_TX_Char                        text48       0026DC
_EUSART_TX_String                      text47       00241C
_Ecg_Background_Leads_Failure          text22       00249A
_Ecg_Background_Leads_Ok               text18       001DC2
_Ecg_CheckLeads                        text17       002262
_Ecg_Init                              text16       0025E8
_Ecg_Interrupt                         text55       002684
_Ecg_X                                 dataBANK0    0000CA
_Ecg_Xold                              dataBANK0    0000C8
_Ecg_Y                                 dataCOMRAM   000059
_Ecg_Yold                              dataBANK0    0000C6
_GIE                                   (abs)        007F97
_GO_nDONE                              (abs)        007E11
_LATA                                  (abs)        000F89
_LATB                                  (abs)        000F8A
_LATC                                  (abs)        000F8B
_MILLISECONDS                          bssBANK1     0001BC
_OERR                                  (abs)        007D59
_OSCCONbits                            (abs)        000FD3
_OSCTUNEbits                           (abs)        000F9B
_PEIE                                  (abs)        007F96
_PORTAbits                             (abs)        000F80
_PORTB                                 (abs)        000F81
_PORTCbits                             (abs)        000F82
_RBPU                                  (abs)        007F8F
_RCIE                                  (abs)        007CED
_RCIF                                  (abs)        007CF5
_RCREG                                 (abs)        000FAE
_RCSTAbits                             (abs)        000FAB
_SPBRG                                 (abs)        000FAF
_SPBRGH                                (abs)        000FB0
_T3CONbits                             (abs)        000FB1
_TFT_DrawChar                          text33       000A0A
_TFT_DrawChar$2152                     cstackCOMRAM 000039
_TFT_DrawChar$2153                     cstackCOMRAM 00003B
_TFT_DrawFillRect                      text35       001E3A
_TFT_DrawLine                          text19       000BFE
_TFT_DrawPixel                         text34       00245C
_TFT_DrawString                        text32       00198E
_TFT_FillScreen                        text23       002392
_TFT_Flood                             text39       000DE6
_TFT_Font                              mediumconst  00585B
_TFT_FullScreen                        text37       00263E
_TFT_Init                              text14       001400
_TFT_Init_Sequence                     mediumconst  005D5B
_TFT_Reset                             text15       0026A4
_TFT_SetAddrWindow                     text38       001D48
_TFT_WriteRegister                     text40       0023D8
_TMR3H                                 (abs)        000FB3
_TMR3IE                                (abs)        007D01
_TMR3IF                                (abs)        007D09
_TMR3L                                 (abs)        000FB2
_TRISA                                 (abs)        000F92
_TRISB                                 (abs)        000F93
_TRISC                                 (abs)        000F94
_TXIF                                  (abs)        007CF4
_TXREG                                 (abs)        000FAD
_TXSTAbits                             (abs)        000FAC
_UCFGbits                              (abs)        000F6F
_UCONbits                              (abs)        000F6D
__CFG_BOR$OFF                          (abs)        000000
__CFG_BORV$0                           (abs)        000000
__CFG_CCP2MX$ON                        (abs)        000000
__CFG_CP0$OFF                          (abs)        000000
__CFG_CP1$OFF                          (abs)        000000
__CFG_CP2$OFF                          (abs)        000000
__CFG_CPB$OFF                          (abs)        000000
__CFG_CPD$OFF                          (abs)        000000
__CFG_CPUDIV$OSC1_PLL2                 (abs)        000000
__CFG_EBTR0$OFF                        (abs)        000000
__CFG_EBTR1$OFF                        (abs)        000000
__CFG_EBTR2$OFF                        (abs)        000000
__CFG_EBTRB$OFF                        (abs)        000000
__CFG_FCMEN$OFF                        (abs)        000000
__CFG_FOSC$HSPLL_HS                    (abs)        000000
__CFG_IESO$OFF                         (abs)        000000
__CFG_LPT1OSC$OFF                      (abs)        000000
__CFG_LVP$OFF                          (abs)        000000
__CFG_MCLRE$OFF                        (abs)        000000
__CFG_PBADEN$OFF                       (abs)        000000
__CFG_PLLDIV$1                         (abs)        000000
__CFG_PWRT$OFF                         (abs)        000000
__CFG_STVREN$OFF                       (abs)        000000
__CFG_USBDIV$2                         (abs)        000000
__CFG_VREGEN$OFF                       (abs)        000000
__CFG_WDT$OFF                          (abs)        000000
__CFG_WDTPS$32768                      (abs)        000000
__CFG_WRT0$OFF                         (abs)        000000
__CFG_WRT1$OFF                         (abs)        000000
__CFG_WRT2$OFF                         (abs)        000000
__CFG_WRTB$OFF                         (abs)        000000
__CFG_WRTC$OFF                         (abs)        000000
__CFG_WRTD$OFF                         (abs)        000000
__CFG_XINST$OFF                        (abs)        000000
__HRAM                                 (abs)        000000
__Habs1                                abs1         000000
__Hbank0                               bank0        000000
__Hbank1                               bank1        000000
__Hbank2                               bank2        000000
__Hbank3                               bank3        000000
__Hbank4                               bank4        000000
__Hbank5                               bank5        000000
__Hbank6                               bank6        000000
__Hbank7                               bank7        000000
__Hbigbss                              bigbss       000000
__Hbigdata                             bigdata      000000
__Hbigram                              bigram       000000
__Hbss                                 bss          000000
__HbssBANK0                            bssBANK0     000000
__HbssBANK1                            bssBANK1     000000
__HbssBANK2                            bssBANK2     000000
__HbssCOMRAM                           bssCOMRAM    000000
__Hcinit                               cinit        000000
__Hclrtext                             clrtext      000000
__Hcomram                              comram       000000
__Hconfig                              config       30000E
__Hconst                               const        000000
__HcstackBANK0                         cstackBANK0  000000
__HcstackBANK1                         cstackBANK1  000000
__HcstackCOMRAM                        cstackCOMRAM 000000
__Hdata                                data         000000
__HdataBANK0                           dataBANK0    000000
__HdataCOMRAM                          dataCOMRAM   000000
__Heeprom_data                         eeprom_data  000000
__Hfarbss                              farbss       000000
__Hfardata                             fardata      000000
__Hibigdata                            ibigdata     000000
__Hidata                               idata        000000
__HidataBANK0                          idataBANK0   000000
__HidataCOMRAM                         idataCOMRAM  000000
__Hidloc                               idloc        200008
__Hifardata                            ifardata     000000
__Hinit                                init         000012
__Hintcode                             intcode      00000E
__Hintcode_body                        intcode_body 000000
__Hintcodelo                           intcodelo    00000E
__Hintentry                            intentry     000000
__Hintret                              intret       000000
__Hintsave_regs                        intsave_regs 000000
__Hirdata                              irdata       000000
__Hmediumconst                         mediumconst  006000
__HnvFARRAM                            nvFARRAM     000000
__Hnvbit                               nvbit        000000
__Hnvrram                              nvrram       000000
__Hparam                               rparam       000000
__Hpowerup                             powerup      00000E
__Hram                                 ram          000000
__Hramtop                              ramtop       000800
__Hrbit                                rbit         000000
__Hrbss                                rbss         000000
__Hrdata                               rdata        000000
__Hreset_vec                           reset_vec    000004
__Hrparam                              rparam       000000
__Hsfr                                 sfr          000000
__Hsmallconst                          smallconst   000000
__Hspace_0                             (abs)        30000E
__Hspace_1                             (abs)        000282
__Hspace_2                             (abs)        000000
__Hstack                               stack        000000
__Hstruct                              struct       000000
__Htemp                                temp         00005C
__Htext                                text         000000
__Htext0                               text0        000000
__Htext1                               text1        000000
__Htext10                              text10       000000
__Htext11                              text11       000000
__Htext12                              text12       000000
__Htext13                              text13       000000
__Htext14                              text14       000000
__Htext15                              text15       000000
__Htext16                              text16       000000
__Htext17                              text17       000000
__Htext18                              text18       000000
__Htext19                              text19       000000
__Htext2                               text2        000000
__Htext20                              text20       000000
__Htext21                              text21       000000
__Htext22                              text22       000000
__Htext23                              text23       000000
__Htext24                              text24       000000
__Htext25                              text25       000000
__Htext26                              text26       000000
__Htext27                              text27       000000
__Htext28                              text28       000000
__Htext29                              text29       000000
__Htext3                               text3        000000
__Htext30                              text30       000000
__Htext31                              text31       000000
__Htext32                              text32       000000
__Htext33                              text33       000000
__Htext34                              text34       000000
__Htext35                              text35       000000
__Htext36                              text36       000000
__Htext37                              text37       000000
__Htext38                              text38       000000
__Htext39                              text39       000000
__Htext4                               text4        000000
__Htext40                              text40       000000
__Htext41                              text41       000000
__Htext42                              text42       000000
__Htext43                              text43       000000
__Htext44                              text44       000000
__Htext45                              text45       000000
__Htext46                              text46       000000
__Htext47                              text47       000000
__Htext48                              text48       000000
__Htext49                              text49       000000
__Htext5                               text5        000000
__Htext50                              text50       000000
__Htext51                              text51       000000
__Htext52                              text52       000000
__Htext53                              text53       000000
__Htext55                              text55       000000
__Htext56                              text56       000000
__Htext6                               text6        000000
__Htext7                               text7        000000
__Htext8                               text8        000000
__Htext9                               text9        000000
__LRAM                                 (abs)        000001
__Labs1                                abs1         000000
__Lbank0                               bank0        000000
__Lbank1                               bank1        000000
__Lbank2                               bank2        000000
__Lbank3                               bank3        000000
__Lbank4                               bank4        000000
__Lbank5                               bank5        000000
__Lbank6                               bank6        000000
__Lbank7                               bank7        000000
__Lbigbss                              bigbss       000000
__Lbigdata                             bigdata      000000
__Lbigram                              bigram       000000
__Lbss                                 bss          000000
__LbssBANK0                            bssBANK0     000000
__LbssBANK1                            bssBANK1     000000
__LbssBANK2                            bssBANK2     000000
__LbssCOMRAM                           bssCOMRAM    000000
__Lcinit                               cinit        000000
__Lclrtext                             clrtext      000000
__Lcomram                              comram       000000
__Lconfig                              config       300000
__Lconst                               const        000000
__LcstackBANK0                         cstackBANK0  000000
__LcstackBANK1                         cstackBANK1  000000
__LcstackCOMRAM                        cstackCOMRAM 000000
__Ldata                                data         000000
__LdataBANK0                           dataBANK0    000000
__LdataCOMRAM                          dataCOMRAM   000000
__Leeprom_data                         eeprom_data  000000
__Lfarbss                              farbss       000000
__Lfardata                             fardata      000000
__Libigdata                            ibigdata     000000
__Lidata                               idata        000000
__LidataBANK0                          idataBANK0   000000
__LidataCOMRAM                         idataCOMRAM  000000
__Lidloc                               idloc        200000
__Lifardata                            ifardata     000000
__Linit                                init         00000E
__Lintcode                             intcode      000008
__Lintcode_body                        intcode_body 000000
__Lintcodelo                           intcodelo    00000E
__Lintentry                            intentry     000000
__Lintret                              intret       000000
__Lintsave_regs                        intsave_regs 000000
__Lirdata                              irdata       000000
__Lmediumconst                         mediumconst  00585A
__LnvFARRAM                            nvFARRAM     000000
__Lnvbit                               nvbit        000000
__Lnvrram                              nvrram       000000
__Lparam                               rparam       000000
__Lpowerup                             powerup      00000E
__Lram                                 ram          000000
__Lramtop                              ramtop       000800
__Lrbit                                rbit         000000
__Lrbss                                rbss         000000
__Lrdata                               rdata        000000
__Lreset_vec                           reset_vec    000000
__Lrparam                              rparam       000000
__Lsfr                                 sfr          000000
__Lsmallconst                          smallconst   000000
__Lspace_0                             (abs)        000000
__Lspace_1                             (abs)        000000
__Lspace_2                             (abs)        000000
__Lstack                               stack        000000
__Lstruct                              struct       000000
__Ltemp                                temp         00005B
__Ltext                                text         000000
__Ltext0                               text0        000000
__Ltext1                               text1        000000
__Ltext10                              text10       000000
__Ltext11                              text11       000000
__Ltext12                              text12       000000
__Ltext13                              text13       000000
__Ltext14                              text14       000000
__Ltext15                              text15       000000
__Ltext16                              text16       000000
__Ltext17                              text17       000000
__Ltext18                              text18       000000
__Ltext19                              text19       000000
__Ltext2                               text2        000000
__Ltext20                              text20       000000
__Ltext21                              text21       000000
__Ltext22                              text22       000000
__Ltext23                              text23       000000
__Ltext24                              text24       000000
__Ltext25                              text25       000000
__Ltext26                              text26       000000
__Ltext27                              text27       000000
__Ltext28                              text28       000000
__Ltext29                              text29       000000
__Ltext3                               text3        000000
__Ltext30                              text30       000000
__Ltext31                              text31       000000
__Ltext32                              text32       000000
__Ltext33                              text33       000000
__Ltext34                              text34       000000
__Ltext35                              text35       000000
__Ltext36                              text36       000000
__Ltext37                              text37       000000
__Ltext38                              text38       000000
__Ltext39                              text39       000000
__Ltext4                               text4        000000
__Ltext40                              text40       000000
__Ltext41                              text41       000000
__Ltext42                              text42       000000
__Ltext43                              text43       000000
__Ltext44                              text44       000000
__Ltext45                              text45       000000
__Ltext46                              text46       000000
__Ltext47                              text47       000000
__Ltext48                              text48       000000
__Ltext49                              text49       000000
__Ltext5                               text5        000000
__Ltext50                              text50       000000
__Ltext51                              text51       000000
__Ltext52                              text52       000000
__Ltext53                              text53       000000
__Ltext55                              text55       000000
__Ltext56                              text56       000000
__Ltext6                               text6        000000
__Ltext7                               text7        000000
__Ltext8                               text8        000000
__Ltext9                               text9        000000
__S0                                   (abs)        30000E
__S1                                   (abs)        000282
__S2                                   (abs)        000000
___awdiv                               text21       001768
___awdiv@counter                       cstackCOMRAM 000009
___awdiv@dividend                      cstackCOMRAM 000005
___awdiv@divisor                       cstackCOMRAM 000007
___awdiv@quotient                      cstackCOMRAM 00000B
___awdiv@sign                          cstackCOMRAM 00000A
___inthi_sp                            stack        000000
___intlo_sp                            stack        000000
___lldiv                               text42       0018EA
___lldiv@counter                       cstackCOMRAM 000011
___lldiv@dividend                      cstackCOMRAM 000005
___lldiv@divisor                       cstackCOMRAM 000009
___lldiv@quotient                      cstackCOMRAM 00000D
___llmod                               text29       001AAA
___llmod@counter                       cstackCOMRAM 00001A
___llmod@dividend                      cstackCOMRAM 000012
___llmod@divisor                       cstackCOMRAM 000016
___lmul                                text12       001FFE
___lmul@multiplicand                   cstackCOMRAM 000009
___lmul@multiplier                     cstackCOMRAM 000005
___lmul@product                        cstackCOMRAM 00000D
___param_bank                          (abs)        000000
___rparam_used                         (abs)        000001
___sp                                  stack        000000
___wmul                                text36       002618
___wmul@multiplicand                   cstackCOMRAM 000007
___wmul@multiplier                     cstackCOMRAM 000005
___wmul@product                        cstackCOMRAM 000009
__accesstop                            (abs)        000060
__activetblptr                         (abs)        000002
__end_of_A6_BAUDRATES                  mediumconst  005E5B
__end_of_A6_BaudRateAutoDetect         text26       001692
__end_of_A6_BaudRateGet                text4        0010BA
__end_of_A6_BaudRateSet                text3        00131E
__end_of_A6_Command                    text45       00254A
__end_of_A6_Init                       text25       0026DC
__end_of_A6_IsAlive                    text43       0020D2
__end_of_A6_Process_Random_Comms       text2        001AAA
__end_of_A6_ReadLine                   text50       001768
__end_of_ECG_ICON_HEART                mediumconst  005E99
__end_of_EUSART_BaudRateSet            text41       001CC6
__end_of_EUSART_BufferGetChar          text52       00234A
__end_of_EUSART_Init                   text24       002392
__end_of_EUSART_RX_AvailableData       text53       001C42
__end_of_EUSART_RX_Flush               text49       002700
__end_of_EUSART_RX_Interrupt           text56       002202
__end_of_EUSART_TX_Char                text48       0026F4
__end_of_EUSART_TX_String              text47       00245C
__end_of_Ecg_Background_Leads_Failure  text22       0024D6
__end_of_Ecg_Background_Leads_Ok       text18       001E3A
__end_of_Ecg_CheckLeads                text17       0022B0
__end_of_Ecg_Init                      text16       002618
__end_of_Ecg_Interrupt                 text55       0026A4
__end_of_TFT_DrawChar                  text33       000BFE
__end_of_TFT_DrawFillRect              text35       001EB0
__end_of_TFT_DrawLine                  text19       000DE6
__end_of_TFT_DrawPixel                 text34       00249A
__end_of_TFT_DrawString                text32       001A1E
__end_of_TFT_FillScreen                text23       0023D8
__end_of_TFT_Flood                     text39       000F68
__end_of_TFT_Font                      mediumconst  005D5B
__end_of_TFT_FullScreen                text37       002664
__end_of_TFT_Init                      text14       0014DE
__end_of_TFT_Init_Sequence             mediumconst  005E27
__end_of_TFT_Reset                     text15       0026C2
__end_of_TFT_SetAddrWindow             text38       001DC2
__end_of_TFT_WriteRegister             text40       00241C
__end_of___awdiv                       text21       00182C
__end_of___lldiv                       text42       00198E
__end_of___llmod                       text29       001B32
__end_of___lmul                        text12       002068
__end_of___wmul                        text36       00263E
__end_of__initialization               cinit        001F82
__end_of_abs                           text20       0025B6
__end_of_atol                          text11       0011F4
__end_of_dpowers                       mediumconst  005E4F
__end_of_init                          text13       001F22
__end_of_isdigit                       text28       0025E8
__end_of_isr                           intcode_body 001FFE
__end_of_loop                          text1        000616
__end_of_main                          text0        002684
__end_of_memset                        text51       002582
__end_of_printLine                     text31       001BBA
__end_of_sleepMS                       text30       002510
__end_of_sprintf                       text27       000A0A
__end_of_strchr                        text10       001D48
__end_of_strcmp                        text44       002262
__end_of_strcspn                       text7        00219E
__end_of_strlen                        text46       0022FE
__end_of_strncmp                       text9        0015B8
__end_of_strspn                        text6        002138
__end_of_strstr                        text8        0018EA
__end_of_strtok                        text5        001400
__initialization                       cinit        001F22
__mediumconst                          mediumconst  00585A
__pbssBANK0                            bssBANK0     0000AC
__pbssBANK1                            bssBANK1     0001A8
__pbssBANK2                            bssBANK2     000200
__pbssCOMRAM                           bssCOMRAM    000057
__pcinit                               cinit        001F22
__pcstackBANK0                         cstackBANK0  000060
__pcstackBANK1                         cstackBANK1  000100
__pcstackCOMRAM                        cstackCOMRAM 000001
__pdataBANK0                           dataBANK0    0000C6
__pdataCOMRAM                          dataCOMRAM   000059
__pidataBANK0                          idataBANK0   0026F4
__pidataCOMRAM                         idataCOMRAM  002700
__pintcode                             intcode      000008
__pintcode_body                        intcode_body 001F90
__pmediumconst                         mediumconst  00585A
__ptext0                               text0        002664
__ptext1                               text1        000012
__ptext10                              text10       001CC6
__ptext11                              text11       0010BA
__ptext12                              text12       001FFE
__ptext13                              text13       001EB0
__ptext14                              text14       001400
__ptext15                              text15       0026A4
__ptext16                              text16       0025E8
__ptext17                              text17       002262
__ptext18                              text18       001DC2
__ptext19                              text19       000BFE
__ptext2                               text2        001A1E
__ptext20                              text20       002582
__ptext21                              text21       001768
__ptext22                              text22       00249A
__ptext23                              text23       002392
__ptext24                              text24       00234A
__ptext25                              text25       0026C2
__ptext26                              text26       0015B8
__ptext27                              text27       000616
__ptext28                              text28       0025B6
__ptext29                              text29       001AAA
__ptext3                               text3        0011F4
__ptext30                              text30       0024D6
__ptext31                              text31       001B32
__ptext32                              text32       00198E
__ptext33                              text33       000A0A
__ptext34                              text34       00245C
__ptext35                              text35       001E3A
__ptext36                              text36       002618
__ptext37                              text37       00263E
__ptext38                              text38       001D48
__ptext39                              text39       000DE6
__ptext4                               text4        000F68
__ptext40                              text40       0023D8
__ptext41                              text41       001C42
__ptext42                              text42       0018EA
__ptext43                              text43       002068
__ptext44                              text44       002202
__ptext45                              text45       002510
__ptext46                              text46       0022B0
__ptext47                              text47       00241C
__ptext48                              text48       0026DC
__ptext49                              text49       0026FA
__ptext5                               text5        00131E
__ptext50                              text50       001692
__ptext51                              text51       00254A
__ptext52                              text52       0022FE
__ptext53                              text53       001BBA
__ptext55                              text55       002684
__ptext56                              text56       00219E
__ptext6                               text6        0020D2
__ptext7                               text7        002138
__ptext8                               text8        00182C
__ptext9                               text9        0014DE
__ramtop                               ramtop       000800
__size_of_A6_BaudRateAutoDetect        (abs)        000000
__size_of_A6_BaudRateGet               (abs)        000000
__size_of_A6_BaudRateSet               (abs)        000000
__size_of_A6_Command                   (abs)        000000
__size_of_A6_Init                      (abs)        000000
__size_of_A6_IsAlive                   (abs)        000000
__size_of_A6_Process_Random_Comms      (abs)        000000
__size_of_A6_ReadLine                  (abs)        000000
__size_of_EUSART_BaudRateSet           (abs)        000000
__size_of_EUSART_BufferGetChar         (abs)        000000
__size_of_EUSART_Init                  (abs)        000000
__size_of_EUSART_RX_AvailableData      (abs)        000000
__size_of_EUSART_RX_Flush              (abs)        000000
__size_of_EUSART_RX_Interrupt          (abs)        000000
__size_of_EUSART_TX_Char               (abs)        000000
__size_of_EUSART_TX_String             (abs)        000000
__size_of_Ecg_Background_Leads_Failure (abs)        000000
__size_of_Ecg_Background_Leads_Ok      (abs)        000000
__size_of_Ecg_CheckLeads               (abs)        000000
__size_of_Ecg_Init                     (abs)        000000
__size_of_Ecg_Interrupt                (abs)        000000
__size_of_TFT_DrawChar                 (abs)        000000
__size_of_TFT_DrawFillRect             (abs)        000000
__size_of_TFT_DrawLine                 (abs)        000000
__size_of_TFT_DrawPixel                (abs)        000000
__size_of_TFT_DrawString               (abs)        000000
__size_of_TFT_FillScreen               (abs)        000000
__size_of_TFT_Flood                    (abs)        000000
__size_of_TFT_FullScreen               (abs)        000000
__size_of_TFT_Init                     (abs)        000000
__size_of_TFT_Reset                    (abs)        000000
__size_of_TFT_SetAddrWindow            (abs)        000000
__size_of_TFT_WriteRegister            (abs)        000000
__size_of___awdiv                      (abs)        000000
__size_of___lldiv                      (abs)        000000
__size_of___llmod                      (abs)        000000
__size_of___lmul                       (abs)        000000
__size_of___wmul                       (abs)        000000
__size_of_abs                          (abs)        000000
__size_of_atol                         (abs)        000000
__size_of_init                         (abs)        000000
__size_of_isdigit                      (abs)        000000
__size_of_isr                          (abs)        000000
__size_of_loop                         (abs)        000000
__size_of_main                         (abs)        000000
__size_of_memset                       (abs)        000000
__size_of_printLine                    (abs)        000000
__size_of_sleepMS                      (abs)        000000
__size_of_sprintf                      (abs)        000000
__size_of_strchr                       (abs)        000000
__size_of_strcmp                       (abs)        000000
__size_of_strcspn                      (abs)        000000
__size_of_strlen                       (abs)        000000
__size_of_strncmp                      (abs)        000000
__size_of_strspn                       (abs)        000000
__size_of_strstr                       (abs)        000000
__size_of_strtok                       (abs)        000000
__smallconst                           smallconst   000000
_abs                                   text20       002582
_atol                                  text11       0010BA
_consoleX                              bssBANK0     0000C4
_dpowers                               mediumconst  005E27
_init                                  text13       001EB0
_isdigit                               text28       0025B6
_isdigit$1881                          cstackCOMRAM 000006
_isr                                   intcode      000008
_loop                                  text1        000012
_loop$139                              cstackBANK1  0001A0
_loop$144                              cstackBANK1  0001A2
_main                                  text0        002664
_memset                                text51       00254A
_printLine                             text31       001B32
_sleepMS                               text30       0024D6
_sprintf                               text27       000616
_strchr                                text10       001CC6
_strcmp                                text44       002202
_strcspn                               text7        002138
_strlen                                text46       0022B0
_strncmp                               text9        0014DE
_strspn                                text6        0020D2
_strstr                                text8        00182C
_strtok                                text5        00131E
_tmp1                                  bssBANK1     0001B8
_tmp2                                  bssBANK1     0001B4
_tmp3                                  bssBANK1     0001B0
_tmp4                                  bssBANK1     0001AC
_tmp5                                  bssBANK1     0001A8
abs@a                                  cstackCOMRAM 000005
atol@a                                 cstackCOMRAM 00001A
atol@c                                 cstackCOMRAM 00001E
atol@s                                 cstackCOMRAM 000011
atol@sign                              cstackCOMRAM 000019
btemp                                  temp         00005B
end_of_initialization                  cinit        001F82
int$flags                              temp         00005B
int_func                               intcode_body 001F90
intlevel0                              text         000000
intlevel1                              text         000000
intlevel2                              text         000000
intlevel3                              text         000000
isdigit@c                              cstackCOMRAM 000007
loop@response                          cstackBANK1  000100
loop@response_152                      cstackBANK1  000120
loop@response_155                      cstackBANK1  000140
loop@zz                                cstackBANK1  0001A4
loop@zzzz                              cstackBANK1  000180
loop@zzzz_149                          cstackBANK1  000160
memset@c                               cstackCOMRAM 000007
memset@n                               cstackCOMRAM 000009
memset@p                               cstackCOMRAM 00000B
memset@p1                              cstackCOMRAM 000005
printLine@color                        cstackCOMRAM 00004C
printLine@str                          cstackCOMRAM 00004A
sleepMS@ms                             cstackCOMRAM 000005
sleepMS@t                              cstackCOMRAM 000009
sprintf@ap                             cstackBANK0  000066
sprintf@c                              cstackBANK0  00006B
sprintf@f                              cstackCOMRAM 00004D
sprintf@flag                           cstackBANK0  000068
sprintf@prec                           cstackBANK0  000060
sprintf@sp                             cstackCOMRAM 00004B
sprintf@val                            cstackBANK0  000062
sprintf@width                          cstackBANK0  000069
stackhi                                (abs)        0007FF
stacklo                                (abs)        000282
start                                  init         00000E
start_initialization                   cinit        001F22
strchr@chr                             cstackCOMRAM 000007
strchr@ptr                             cstackCOMRAM 000005
strcmp@r                               cstackCOMRAM 00000B
strcmp@s1                              cstackCOMRAM 000005
strcmp@s2                              cstackCOMRAM 000007
strcspn@i                              cstackCOMRAM 000010
strcspn@s1                             cstackCOMRAM 00000B
strcspn@s2                             cstackCOMRAM 00000D
strlen@cp                              cstackCOMRAM 000007
strlen@s                               cstackCOMRAM 000005
strncmp@len                            cstackCOMRAM 00000D
strncmp@s1                             cstackCOMRAM 000009
strncmp@s2                             cstackCOMRAM 00000B
strspn@i                               cstackCOMRAM 000010
strspn@s1                              cstackCOMRAM 00000B
strspn@s2                              cstackCOMRAM 00000D
strstr@s1                              cstackCOMRAM 000010
strstr@s2                              cstackCOMRAM 000012
strtok@s1                              cstackCOMRAM 000012
strtok@s2                              cstackCOMRAM 000014
strtok@sp                              bssBANK0     0000C2
ttemp5                                 temp         00005C
ttemp6                                 temp         00005F
ttemp7                                 temp         000063
wtemp8                                 temp         00005C


FUNCTION INFORMATION:

 *************** function _main *****************
 Defined at:
		line 12 in file "main.c"
 Parameters:    Size  Location     Type
		None
 Auto vars:     Size  Location     Type
		None
 Return value:  Size  Location     Type
                  1    wreg      void 
 Registers used:
		wreg, fsr0l, fsr0h, fsr2l, fsr2h, status,2, status,0, tblptrl, tblptrh, tblptru, prodl, prodh, cstack
 Tracked objects:
		On entry : 
		On exit  : 
		Unchanged: 
 Data sizes:     COMRAM   BANK0   BANK1   BANK2   BANK3   BANK4   BANK5   BANK6   BANK7
      Params:         0       0       0       0       0       0       0       0       0
      Locals:         0       0       0       0       0       0       0       0       0
      Temps:          0       0       0       0       0       0       0       0       0
      Totals:         0       0       0       0       0       0       0       0       0
Total ram usage:        0 bytes
 Hardware stack levels required when called:   11
 This function calls:
		_A6_Init
		_EUSART_Init
		_Ecg_Init
		_TFT_Init
		_init
		_loop
 This function is called by:
		Startup code after reset
 This function uses a non-reentrant model


 *************** function _loop *****************
 Defined at:
		line 28 in file "main.c"
 Parameters:    Size  Location     Type
		None
 Auto vars:     Size  Location     Type
  response       32   64[BANK1 ] unsigned char [32]
  response       32   32[BANK1 ] unsigned char [32]
  zzzz           32   96[BANK1 ] unsigned char [32]
  response       32    0[BANK1 ] unsigned char [32]
  zzzz           32  128[BANK1 ] unsigned char [32]
  zz              4  164[BANK1 ] unsigned long 
 Return value:  Size  Location     Type
                  1    wreg      void 
 Registers used:
		wreg, fsr0l, fsr0h, fsr2l, fsr2h, status,2, status,0, tblptrl, tblptrh, tblptru, prodl, prodh, cstack
 Tracked objects:
		On entry : 
		On exit  : 
		Unchanged: 
 Data sizes:     COMRAM   BANK0   BANK1   BANK2   BANK3   BANK4   BANK5   BANK6   BANK7
      Params:         0       0       0       0       0       0       0       0       0
      Locals:         0       0     168       0       0       0       0       0       0
      Temps:          0       4       0       0       0       0       0       0       0
      Totals:         0       4     168       0       0       0       0       0       0
Total ram usage:      172 bytes
 Hardware stack levels used:    1
 Hardware stack levels required when called:   10
 This function calls:
		_A6_BaudRateAutoDetect
		_A6_BaudRateGet
		_A6_BaudRateSet
		_A6_Command
		_A6_IsAlive
		_A6_Process_Random_Comms
		_printLine
		_sprintf
 This function is called by:
		_main
 This function uses a non-reentrant model


 *************** function _A6_Process_Random_Comms *****************
 Defined at:
		line 129 in file "A6Lib.c"
 Parameters:    Size  Location     Type
		None
 Auto vars:     Size  Location     Type
  response       32    0[BANK0 ] unsigned char [32]
  cnt             1   32[BANK0 ] unsigned char 
 Return value:  Size  Location     Type
                  1    wreg      void 
 Registers used:
		wreg, fsr0l, fsr0h, fsr2l, fsr2h, status,2, status,0, tblptrl, tblptrh, tblptru, prodl, prodh, cstack
 Tracked objects:
		On entry : 
		On exit  : 
		Unchanged: 
 Data sizes:     COMRAM   BANK0   BANK1   BANK2   BANK3   BANK4   BANK5   BANK6   BANK7
      Params:         0       0       0       0       0       0       0       0       0
      Locals:         0      33       0       0       0       0       0       0       0
      Temps:          0       0       0       0       0       0       0       0       0
      Totals:         0      33       0       0       0       0       0       0       0
Total ram usage:       33 bytes
 Hardware stack levels used:    1
 Hardware stack levels required when called:    9
 This function calls:
		_A6_ReadLine
		_EUSART_RX_AvailableData
		_printLine
		_strcmp
 This function is called by:
		_loop
 This function uses a non-reentrant model


 *************** function _A6_BaudRateSet *****************
 Defined at:
		line 56 in file "A6Lib.c"
 Parameters:    Size  Location     Type
  baudRate        4   12[BANK0 ] const unsigned long 
 Auto vars:     Size  Location     Type
  response       32   16[BANK0 ] unsigned char [32]
  request        20   48[BANK0 ] unsigned char [20]
  currentBaudR    4   68[BANK0 ] unsigned long 
 Return value:  Size  Location     Type
                  4   12[BANK0 ] unsigned long 
 Registers used:
		wreg, fsr0l, fsr0h, fsr2l, fsr2h, status,2, status,0, tblptrl, tblptrh, tblptru, prodl, prodh, cstack
 Tracked objects:
		On entry : 
		On exit  : 
		Unchanged: 
 Data sizes:     COMRAM   BANK0   BANK1   BANK2   BANK3   BANK4   BANK5   BANK6   BANK7
      Params:         0       4       0       0       0       0       0       0       0
      Locals:         0      56       0       0       0       0       0       0       0
      Temps:          0       0       0       0       0       0       0       0       0
      Totals:         0      60       0       0       0       0       0       0       0
Total ram usage:       60 bytes
 Hardware stack levels used:    1
 Hardware stack levels required when called:    7
 This function calls:
		_A6_BaudRateGet
		_A6_Command
		_A6_IsAlive
		_EUSART_BaudRateSet
		_sleepMS
		_sprintf
		_strcmp
 This function is called by:
		_loop
 This function uses a non-reentrant model


 *************** function _A6_BaudRateGet *****************
 Defined at:
		line 30 in file "A6Lib.c"
 Parameters:    Size  Location     Type
		None
 Auto vars:     Size  Location     Type
  j               1   73[COMRAM] unsigned char 
  response       32   34[COMRAM] unsigned char [32]
  baudRate        4   67[COMRAM] unsigned long 
  baudRateToke    2   71[COMRAM] PTR unsigned char 
		 -> NULL(0), A6_BaudRateGet@response(32), 
  loop            1   66[COMRAM] unsigned char 
 Return value:  Size  Location     Type
                  4   30[COMRAM] unsigned long 
 Registers used:
		wreg, fsr0l, fsr0h, fsr2l, fsr2h, status,2, status,0, tblptrl, tblptrh, tblptru, prodl, prodh, cstack
 Tracked objects:
		On entry : 
		On exit  : 
		Unchanged: 
 Data sizes:     COMRAM   BANK0   BANK1   BANK2   BANK3   BANK4   BANK5   BANK6   BANK7
      Params:         4       0       0       0       0       0       0       0       0
      Locals:        40       0       0       0       0       0       0       0       0
      Temps:          0       0       0       0       0       0       0       0       0
      Totals:        44       0       0       0       0       0       0       0       0
Total ram usage:       44 bytes
 Hardware stack levels used:    1
 Hardware stack levels required when called:    6
 This function calls:
		_A6_Command
		_atol
		_sleepMS
		_strstr
		_strtok
 This function is called by:
		_loop
		_A6_BaudRateSet
 This function uses a non-reentrant model


 *************** function _strtok *****************
 Defined at:
		line 8 in file "/opt/microchip/xc8/v2.10/pic/sources/c90/common/strtok.c"
 Parameters:    Size  Location     Type
  s1              2   17[COMRAM] PTR unsigned char 
		 -> NULL(0), A6_BaudRateGet@response(32), 
  s2              2   19[COMRAM] PTR const unsigned char 
		 -> STR_23(2), A6_BaudRateGet@response(32), 
 Auto vars:     Size  Location     Type
		None
 Return value:  Size  Location     Type
                  2   17[COMRAM] PTR unsigned char 
 Registers used:
		wreg, fsr0l, fsr0h, fsr2l, fsr2h, status,2, status,0, tblptrl, tblptrh, tblptru, cstack
 Tracked objects:
		On entry : 
		On exit  : 
		Unchanged: 
 Data sizes:     COMRAM   BANK0   BANK1   BANK2   BANK3   BANK4   BANK5   BANK6   BANK7
      Params:         4       0       0       0       0       0       0       0       0
      Locals:         0       0       0       0       0       0       0       0       0
      Temps:          0       0       0       0       0       0       0       0       0
      Totals:         4       0       0       0       0       0       0       0       0
Total ram usage:        4 bytes
 Hardware stack levels used:    1
 Hardware stack levels required when called:    4
 This function calls:
		_strcspn
		_strspn
 This function is called by:
		_A6_BaudRateGet
 This function uses a non-reentrant model


 *************** function _strspn *****************
 Defined at:
		line 4 in file "/opt/microchip/xc8/v2.10/pic/sources/c90/common/strspn.c"
 Parameters:    Size  Location     Type
  s1              2   10[COMRAM] PTR const unsigned char 
		 -> NULL(0), A6_BaudRateGet@response(32), 
  s2              2   12[COMRAM] PTR const unsigned char 
		 -> STR_23(2), A6_BaudRateGet@response(32), 
 Auto vars:     Size  Location     Type
  i               2   15[COMRAM] unsigned int 
 Return value:  Size  Location     Type
                  2   10[COMRAM] unsigned int 
 Registers used:
		wreg, fsr0l, fsr0h, fsr2l, fsr2h, status,2, status,0, tblptrl, tblptrh, tblptru, cstack
 Tracked objects:
		On entry : 
		On exit  : 
		Unchanged: 
 Data sizes:     COMRAM   BANK0   BANK1   BANK2   BANK3   BANK4   BANK5   BANK6   BANK7
      Params:         4       0       0       0       0       0       0       0       0
      Locals:         2       0       0       0       0       0       0       0       0
      Temps:          1       0       0       0       0       0       0       0       0
      Totals:         7       0       0       0       0       0       0       0       0
Total ram usage:        7 bytes
 Hardware stack levels used:    1
 Hardware stack levels required when called:    3
 This function calls:
		_strchr
 This function is called by:
		_strtok
 This function uses a non-reentrant model


 *************** function _strcspn *****************
 Defined at:
		line 4 in file "/opt/microchip/xc8/v2.10/pic/sources/c90/common/strcspn.c"
 Parameters:    Size  Location     Type
  s1              2   10[COMRAM] PTR const unsigned char 
		 -> NULL(0), A6_BaudRateGet@response(32), 
  s2              2   12[COMRAM] PTR const unsigned char 
		 -> STR_23(2), A6_BaudRateGet@response(32), 
 Auto vars:     Size  Location     Type
  i               2   15[COMRAM] unsigned int 
 Return value:  Size  Location     Type
                  2   10[COMRAM] unsigned int 
 Registers used:
		wreg, fsr0l, fsr0h, fsr2l, fsr2h, status,2, status,0, tblptrl, tblptrh, tblptru, cstack
 Tracked objects:
		On entry : 
		On exit  : 
		Unchanged: 
 Data sizes:     COMRAM   BANK0   BANK1   BANK2   BANK3   BANK4   BANK5   BANK6   BANK7
      Params:         4       0       0       0       0       0       0       0       0
      Locals:         2       0       0       0       0       0       0       0       0
      Temps:          1       0       0       0       0       0       0       0       0
      Totals:         7       0       0       0       0       0       0       0       0
Total ram usage:        7 bytes
 Hardware stack levels used:    1
 Hardware stack levels required when called:    3
 This function calls:
		_strchr
 This function is called by:
		_strtok
 This function uses a non-reentrant model


 *************** function _strstr *****************
 Defined at:
		line 4 in file "/opt/microchip/xc8/v2.10/pic/sources/c90/common/strstr.c"
 Parameters:    Size  Location     Type
  s1              2   15[COMRAM] PTR const unsigned char 
		 -> STR_23(2), NULL(0), A6_BaudRateGet@response(32), 
  s2              2   17[COMRAM] PTR const unsigned char 
		 -> STR_22(7), 
 Auto vars:     Size  Location     Type
		None
 Return value:  Size  Location     Type
                  2   15[COMRAM] PTR unsigned char 
 Registers used:
		wreg, fsr0l, fsr0h, status,2, status,0, tblptrl, tblptrh, tblptru, cstack
 Tracked objects:
		On entry : 
		On exit  : 
		Unchanged: 
 Data sizes:     COMRAM   BANK0   BANK1   BANK2   BANK3   BANK4   BANK5   BANK6   BANK7
      Params:         4       0       0       0       0       0       0       0       0
      Locals:         0       0       0       0       0       0       0       0       0
      Temps:          0       0       0       0       0       0       0       0       0
      Totals:         4       0       0       0       0       0       0       0       0
Total ram usage:        4 bytes
 Hardware stack levels used:    1
 Hardware stack levels required when called:    3
 This function calls:
		_strchr
		_strlen
		_strncmp
 This function is called by:
		_A6_BaudRateGet
 This function uses a non-reentrant model


 *************** function _strncmp *****************
 Defined at:
		line 4 in file "/opt/microchip/xc8/v2.10/pic/sources/c90/common/strncmp.c"
 Parameters:    Size  Location     Type
  s1              2    8[COMRAM] PTR const unsigned char 
		 -> STR_23(2), NULL(0), A6_BaudRateGet@response(32), 
  s2              2   10[COMRAM] PTR const unsigned char 
		 -> STR_22(7), 
  len             2   12[COMRAM] unsigned int 
 Auto vars:     Size  Location     Type
		None
 Return value:  Size  Location     Type
                  2    8[COMRAM] int 
 Registers used:
		wreg, fsr0l, fsr0h, status,2, status,0, tblptrl, tblptrh, tblptru
 Tracked objects:
		On entry : 
		On exit  : 
		Unchanged: 
 Data sizes:     COMRAM   BANK0   BANK1   BANK2   BANK3   BANK4   BANK5   BANK6   BANK7
      Params:         6       0       0       0       0       0       0       0       0
      Locals:         0       0       0       0       0       0       0       0       0
      Temps:          1       0       0       0       0       0       0       0       0
      Totals:         7       0       0       0       0       0       0       0       0
Total ram usage:        7 bytes
 Hardware stack levels used:    1
 Hardware stack levels required when called:    2
 This function calls:
		Nothing
 This function is called by:
		_strstr
 This function uses a non-reentrant model


 *************** function _strchr *****************
 Defined at:
		line 4 in file "/opt/microchip/xc8/v2.10/pic/sources/c90/common/strchr.c"
 Parameters:    Size  Location     Type
  ptr             2    4[COMRAM] PTR const unsigned char 
		 -> STR_23(2), NULL(0), A6_BaudRateGet@response(32), 
  chr             2    6[COMRAM] int 
 Auto vars:     Size  Location     Type
		None
 Return value:  Size  Location     Type
                  2    4[COMRAM] PTR unsigned char 
 Registers used:
[...]
Total ram usage:        7 bytes
 Hardware stack levels used:    1
 Hardware stack levels required when called:    5
 This function calls:
		_A6_ReadLine
		_EUSART_RX_Flush
		_EUSART_TX_String
		_strlen
 This function is called by:
		_loop
		_A6_IsAlive
		_A6_BaudRateGet
		_A6_BaudRateSet
 This function uses a non-reentrant model


 *************** function _strlen *****************
 Defined at:
		line 4 in file "/opt/microchip/xc8/v2.10/pic/sources/c90/common/strlen.c"
 Parameters:    Size  Location     Type
  s               2    4[COMRAM] PTR const unsigned char 
		 -> A6_BaudRateSet@request(20), STR_22(7), STR_21(9), STR_19(4), 
		 -> STR_15(10), STR_13(8), STR_9(10), 
 Auto vars:     Size  Location     Type
  cp              2    6[COMRAM] PTR const unsigned char 
		 -> A6_BaudRateSet@request(20), STR_22(7), STR_21(9), STR_19(4), 
		 -> STR_15(10), STR_13(8), STR_9(10), 
 Return value:  Size  Location     Type
                  2    4[COMRAM] unsigned int 
 Registers used:
		wreg, fsr0l, fsr0h, status,2, status,0, tblptrl, tblptrh, tblptru
 Tracked objects:
		On entry : 
		On exit  : 
		Unchanged: 
 Data sizes:     COMRAM   BANK0   BANK1   BANK2   BANK3   BANK4   BANK5   BANK6   BANK7
      Params:         2       0       0       0       0       0       0       0       0
      Locals:         2       0       0       0       0       0       0       0       0
      Temps:          0       0       0       0       0       0       0       0       0
      Totals:         4       0       0       0       0       0       0       0       0
Total ram usage:        4 bytes
 Hardware stack levels used:    1
 Hardware stack levels required when called:    2
 This function calls:
		Nothing
 This function is called by:
		_A6_Command
		_strstr
 This function uses a non-reentrant model


 *************** function _EUSART_TX_String *****************
 Defined at:
		line 62 in file "EUSART.c"
 Parameters:    Size  Location     Type
  str             2    8[COMRAM] PTR const unsigned char 
		 -> A6_BaudRateSet@request(20), STR_21(9), STR_19(4), STR_15(10), 
		 -> STR_13(8), STR_9(10), 
  len             1   10[COMRAM] unsigned char 
 Auto vars:     Size  Location     Type
		None
 Return value:  Size  Location     Type
                  1    wreg      void 
 Registers used:
		wreg, fsr0l, fsr0h, status,2, status,0, tblptrl, tblptrh, tblptru, cstack
 Tracked objects:
		On entry : 
		On exit  : 
		Unchanged: 
 Data sizes:     COMRAM   BANK0   BANK1   BANK2   BANK3   BANK4   BANK5   BANK6   BANK7
      Params:         3       0       0       0       0       0       0       0       0
      Locals:         0       0       0       0       0       0       0       0       0
      Temps:          0       0       0       0       0       0       0       0       0
      Totals:         3       0       0       0       0       0       0       0       0
Total ram usage:        3 bytes
 Hardware stack levels used:    1
 Hardware stack levels required when called:    3
 This function calls:
		_EUSART_TX_Char
 This function is called by:
		_A6_Command
 This function uses a non-reentrant model


 *************** function _EUSART_TX_Char *****************
 Defined at:
		line 56 in file "EUSART.c"
 Parameters:    Size  Location     Type
  c               1    wreg     unsigned char 
 Auto vars:     Size  Location     Type
  c               1    4[COMRAM] unsigned char 
 Return value:  Size  Location     Type
                  1    wreg      void 
 Registers used:
		wreg
 Tracked objects:
		On entry : 
		On exit  : 
		Unchanged: 
 Data sizes:     COMRAM   BANK0   BANK1   BANK2   BANK3   BANK4   BANK5   BANK6   BANK7
      Params:         0       0       0       0       0       0       0       0       0
      Locals:         1       0       0       0       0       0       0       0       0
      Temps:          0       0       0       0       0       0       0       0       0
      Totals:         1       0       0       0       0       0       0       0       0
Total ram usage:        1 bytes
 Hardware stack levels used:    1
 Hardware stack levels required when called:    2
 This function calls:
		Nothing
 This function is called by:
		_EUSART_TX_String
 This function uses a non-reentrant model


 *************** function _EUSART_RX_Flush *****************
 Defined at:
		line 82 in file "EUSART.c"
 Parameters:    Size  Location     Type
		None
 Auto vars:     Size  Location     Type
		None
 Return value:  Size  Location     Type
                  1    wreg      void 
 Registers used:
		None
 Tracked objects:
		On entry : 
		On exit  : 
		Unchanged: 
 Data sizes:     COMRAM   BANK0   BANK1   BANK2   BANK3   BANK4   BANK5   BANK6   BANK7
      Params:         0       0       0       0       0       0       0       0       0
      Locals:         0       0       0       0       0       0       0       0       0
      Temps:          0       0       0       0       0       0       0       0       0
      Totals:         0       0       0       0       0       0       0       0       0
Total ram usage:        0 bytes
 Hardware stack levels used:    1
 Hardware stack levels required when called:    2
 This function calls:
		Nothing
 This function is called by:
		_A6_Command
 This function uses a non-reentrant model


 *************** function _A6_ReadLine *****************
 Defined at:
		line 106 in file "A6Lib.c"
 Parameters:    Size  Location     Type
  response        2   16[COMRAM] PTR unsigned char 
		 -> A6_Process_Random_Comms@response(32), A6_BaudRateSet@response(32), A6_BaudRateGet@response(32), A6_IsAlive@response(32), 
		 -> loop@response_155(32), loop@response_152(32), loop@response(32), 
  responseLen     1   18[COMRAM] unsigned char 
  timeout         2   19[COMRAM] int 
 Auto vars:     Size  Location     Type
  c               1   22[COMRAM] unsigned char 
  iResponse       1   21[COMRAM] unsigned char 
 Return value:  Size  Location     Type
                  1    wreg      unsigned char 
 Registers used:
		wreg, fsr2l, fsr2h, status,2, status,0, cstack
 Tracked objects:
		On entry : 
		On exit  : 
		Unchanged: 
 Data sizes:     COMRAM   BANK0   BANK1   BANK2   BANK3   BANK4   BANK5   BANK6   BANK7
      Params:         5       0       0       0       0       0       0       0       0
      Locals:         2       0       0       0       0       0       0       0       0
      Temps:          0       0       0       0       0       0       0       0       0
      Totals:         7       0       0       0       0       0       0       0       0
Total ram usage:        7 bytes
 Hardware stack levels used:    1
 Hardware stack levels required when called:    4
 This function calls:
		_EUSART_BufferGetChar
		_memset
 This function is called by:
		_A6_Command
		_A6_Process_Random_Comms
 This function uses a non-reentrant model


 *************** function _memset *****************
 Defined at:
		line 8 in file "/opt/microchip/xc8/v2.10/pic/sources/c90/common/memset.c"
 Parameters:    Size  Location     Type
  p1              2    4[COMRAM] PTR void 
		 -> EUSART_RX(130), A6_Process_Random_Comms@response(32), A6_BaudRateSet@response(32), A6_BaudRateGet@response(32), 
		 -> A6_IsAlive@response(32), loop@response_155(32), loop@response_152(32), loop@response(32), 
  c               2    6[COMRAM] int 
  n               2    8[COMRAM] unsigned int 
 Auto vars:     Size  Location     Type
  p               2   10[COMRAM] PTR unsigned char 
		 -> EUSART_RX(130), A6_Process_Random_Comms@response(32), A6_BaudRateSet@response(32), A6_BaudRateGet@response(32), 
		 -> A6_IsAlive@response(32), loop@response_155(32), loop@response_152(32), loop@response(32), 
 Return value:  Size  Location     Type
                  2    4[COMRAM] PTR void 
 Registers used:
		wreg, fsr2l, fsr2h, status,2, status,0
 Tracked objects:
		On entry : 
		On exit  : 
		Unchanged: 
 Data sizes:     COMRAM   BANK0   BANK1   BANK2   BANK3   BANK4   BANK5   BANK6   BANK7
      Params:         6       0       0       0       0       0       0       0       0
      Locals:         2       0       0       0       0       0       0       0       0
      Temps:          0       0       0       0       0       0       0       0       0
      Totals:         8       0       0       0       0       0       0       0       0
Total ram usage:        8 bytes
 Hardware stack levels used:    1
 Hardware stack levels required when called:    2
 This function calls:
		Nothing
 This function is called by:
		_A6_ReadLine
		_EUSART_Init
 This function uses a non-reentrant model


 *************** function _EUSART_BufferGetChar *****************
 Defined at:
		line 95 in file "EUSART.c"
 Parameters:    Size  Location     Type
  timeout         2   14[COMRAM] int 
 Auto vars:     Size  Location     Type
		None
 Return value:  Size  Location     Type
                  1    wreg      unsigned char 
 Registers used:
		wreg, fsr2l, fsr2h, status,2, status,0, cstack
 Tracked objects:
		On entry : 
		On exit  : 
		Unchanged: 
 Data sizes:     COMRAM   BANK0   BANK1   BANK2   BANK3   BANK4   BANK5   BANK6   BANK7
      Params:         2       0       0       0       0       0       0       0       0
      Locals:         0       0       0       0       0       0       0       0       0
      Temps:          0       0       0       0       0       0       0       0       0
      Totals:         2       0       0       0       0       0       0       0       0
Total ram usage:        2 bytes
 Hardware stack levels used:    1
 Hardware stack levels required when called:    3
 This function calls:
		_EUSART_RX_AvailableData
 This function is called by:
		_A6_ReadLine
 This function uses a non-reentrant model


 *************** function _EUSART_RX_AvailableData *****************
 Defined at:
		line 86 in file "EUSART.c"
 Parameters:    Size  Location     Type
  timeout         2    4[COMRAM] int 
 Auto vars:     Size  Location     Type
  t               4   10[COMRAM] unsigned long 
 Return value:  Size  Location     Type
                  1    wreg      unsigned char 
 Registers used:
		wreg, status,2, status,0
 Tracked objects:
		On entry : 
		On exit  : 
		Unchanged: 
 Data sizes:     COMRAM   BANK0   BANK1   BANK2   BANK3   BANK4   BANK5   BANK6   BANK7
      Params:         2       0       0       0       0       0       0       0       0
      Locals:         4       0       0       0       0       0       0       0       0
      Temps:          4       0       0       0       0       0       0       0       0
      Totals:        10       0       0       0       0       0       0       0       0
Total ram usage:       10 bytes
 Hardware stack levels used:    1
 Hardware stack levels required when called:    2
 This function calls:
		Nothing
 This function is called by:
		_A6_Process_Random_Comms
		_EUSART_BufferGetChar
 This function uses a non-reentrant model


 *************** function _isr *****************
 Defined at:
		line 90 in file "init.c"
 Parameters:    Size  Location     Type
		None
 Auto vars:     Size  Location     Type
		None
 Return value:  Size  Location     Type
                  1    wreg      void 
 Registers used:
		wreg, fsr2l, fsr2h, status,2, status,0, cstack
 Tracked objects:
		On entry : 
		On exit  : 
		Unchanged: 
 Data sizes:     COMRAM   BANK0   BANK1   BANK2   BANK3   BANK4   BANK5   BANK6   BANK7
      Params:         0       0       0       0       0       0       0       0       0
      Locals:         0       0       0       0       0       0       0       0       0
      Temps:          2       0       0       0       0       0       0       0       0
      Totals:         2       0       0       0       0       0       0       0       0
Total ram usage:        2 bytes
 Hardware stack levels used:    1
 Hardware stack levels required when called:    1
 This function calls:
		_EUSART_RX_Interrupt
		_Ecg_Interrupt
 This function is called by:
		Interrupt level 2
 This function uses a non-reentrant model


 *************** function _Ecg_Interrupt *****************
 Defined at:
		line 135 in file "ecg.c"
 Parameters:    Size  Location     Type
		None
 Auto vars:     Size  Location     Type
		None
 Return value:  Size  Location     Type
                  1    wreg      void 
 Registers used:
		wreg, status,2, status,0
 Tracked objects:
		On entry : 
		On exit  : 
		Unchanged: 
 Data sizes:     COMRAM   BANK0   BANK1   BANK2   BANK3   BANK4   BANK5   BANK6   BANK7
      Params:         0       0       0       0       0       0       0       0       0
      Locals:         0       0       0       0       0       0       0       0       0
      Temps:          2       0       0       0       0       0       0       0       0
      Totals:         2       0       0       0       0       0       0       0       0
Total ram usage:        2 bytes
 Hardware stack levels used:    1
 This function calls:
		Nothing
 This function is called by:
		_isr
 This function uses a non-reentrant model


 *************** function _EUSART_RX_Interrupt *****************
 Defined at:
		line 68 in file "EUSART.c"
 Parameters:    Size  Location     Type
		None
 Auto vars:     Size  Location     Type
  c               1    1[COMRAM] unsigned char 
 Return value:  Size  Location     Type
                  1    wreg      void 
 Registers used:
		wreg, fsr2l, fsr2h, status,2, status,0
 Tracked objects:
		On entry : 
		On exit  : 
		Unchanged: 
 Data sizes:     COMRAM   BANK0   BANK1   BANK2   BANK3   BANK4   BANK5   BANK6   BANK7
      Params:         0       0       0       0       0       0       0       0       0
      Locals:         1       0       0       0       0       0       0       0       0
      Temps:          1       0       0       0       0       0       0       0       0
      Totals:         2       0       0       0       0       0       0       0       0
Total ram usage:        2 bytes
 Hardware stack levels used:    1
 This function calls:
		Nothing
 This function is called by:
		_isr
 This function uses a non-reentrant model



MODULE INFORMATION

Module		Function		Class		Link	Load	Size
/opt/microchip/xc8/v2.10/pic/sources/c90/common/strspn.c
		_strspn        		CODE           	20D2	0000	103

/opt/microchip/xc8/v2.10/pic/sources/c90/common/strspn.c estimated size: 103

/opt/microchip/xc8/v2.10/pic/sources/c90/common/memset.c
		_memset        		CODE           	254A	0000	57

/opt/microchip/xc8/v2.10/pic/sources/c90/common/memset.c estimated size: 57

EUSART.c
		_EUSART_RX_AvailableData		CODE           	1BBA	0000	137
		_EUSART_Init   		CODE           	234A	0000	73
		_EUSART_BufferGetChar		CODE           	22FE	0000	77
		_EUSART_TX_String		CODE           	241C	0000	65
		_EUSART_TX_Char		CODE           	26DC	0000	25
		_EUSART_RX_Flush		CODE           	26FA	0000	7
		_EUSART_BaudRateSet		CODE           	1C42	0000	133
		_EUSART_RX_Interrupt		CODE           	219E	0000	101

EUSART.c estimated size: 618

/opt/microchip/xc8/v2.10/pic/sources/c90/common/strcspn.c
		_strcspn       		CODE           	2138	0000	103

/opt/microchip/xc8/v2.10/pic/sources/c90/common/strcspn.c estimated size: 103

/opt/microchip/xc8/v2.10/pic/sources/c90/common/doprnt.c
		_sprintf       		CODE           	0616	0000	1013

/opt/microchip/xc8/v2.10/pic/sources/c90/common/doprnt.c estimated size: 1013

/opt/microchip/xc8/v2.10/pic/sources/c90/common/atol.c
		_atol          		CODE           	10BA	0000	315

/opt/microchip/xc8/v2.10/pic/sources/c90/common/atol.c estimated size: 315

/opt/microchip/xc8/v2.10/pic/sources/c90/common/llmod.c
		___llmod       		CODE           	1AAA	0000	137

/opt/microchip/xc8/v2.10/pic/sources/c90/common/llmod.c estimated size: 137

/opt/microchip/xc8/v2.10/pic/sources/c90/common/isdigit.c
		_isdigit       		CODE           	25B6	0000	51

/opt/microchip/xc8/v2.10/pic/sources/c90/common/isdigit.c estimated size: 51

/opt/microchip/xc8/v2.10/pic/sources/c90/common/strstr.c
		_strstr        		CODE           	182C	0000	191

/opt/microchip/xc8/v2.10/pic/sources/c90/common/strstr.c estimated size: 191

/opt/microchip/xc8/v2.10/pic/sources/c90/common/Umul16.c
		___wmul        		CODE           	2618	0000	39

/opt/microchip/xc8/v2.10/pic/sources/c90/common/Umul16.c estimated size: 39

/opt/microchip/xc8/v2.10/pic/sources/c90/common/abs.c
		_abs           		CODE           	2582	0000	53

/opt/microchip/xc8/v2.10/pic/sources/c90/common/abs.c estimated size: 53

ecg.c
		_Ecg_Init      		CODE           	25E8	0000	49
		_Ecg_CheckLeads		CODE           	2262	0000	79
		_Ecg_Background_Leads_Ok		CODE           	1DC2	0000	121
		_Ecg_Interrupt 		CODE           	2684	0000	33
		_Ecg_Background_Leads_Failure		CODE           	249A	0000	61

ecg.c estimated size: 343

A6Lib.c
		_A6_Init       		CODE           	26C2	0000	27
		_A6_Command    		CODE           	2510	0000	59
		_A6_ReadLine   		CODE           	1692	0000	215
		_A6_BaudRateGet		CODE           	0F68	0000	339
		_A6_BaudRateSet		CODE           	11F4	0000	299
		_A6_IsAlive    		CODE           	2068	0000	107
		_A6_BaudRateAutoDetect		CODE           	15B8	0000	219
		_A6_Process_Random_Comms		CODE           	1A1E	0000	141

A6Lib.c estimated size: 1406

/opt/microchip/xc8/v2.10/pic/sources/c90/common/strtok.c
		_strtok        		CODE           	131E	0000	227

/opt/microchip/xc8/v2.10/pic/sources/c90/common/strtok.c estimated size: 227

TFT.c
		_TFT_DrawPixel 		CODE           	245C	0000	63
		_TFT_WriteRegister		CODE           	23D8	0000	69
		_TFT_DrawFillRect		CODE           	1E3A	0000	119
		_TFT_FullScreen		CODE           	263E	0000	39
		_TFT_DrawString		CODE           	198E	0000	145
		_TFT_Reset     		CODE           	26A4	0000	31
		_TFT_SetAddrWindow		CODE           	1D48	0000	123
		_TFT_Flood     		CODE           	0DE6	0000	387
		_TFT_Init      		CODE           	1400	0000	223
		_TFT_DrawLine  		CODE           	0BFE	0000	489
		_TFT_DrawChar  		CODE           	0A0A	0000	501
		_TFT_FillScreen		CODE           	2392	0000	71

TFT.c estimated size: 2260

/opt/microchip/xc8/v2.10/pic/sources/c90/common/awdiv.c
		___awdiv       		CODE           	1768	0000	197

/opt/microchip/xc8/v2.10/pic/sources/c90/common/awdiv.c estimated size: 197

/opt/microchip/xc8/v2.10/pic/sources/c90/common/Umul32.c
		___lmul        		CODE           	1FFE	0000	107

/opt/microchip/xc8/v2.10/pic/sources/c90/common/Umul32.c estimated size: 107

shared
		_TFT_Init_Sequence		MEDIUMCONST    	5D5B	0000	205
		_TFT_Font      		MEDIUMCONST    	585B	0000	1281
		_dpowers       		MEDIUMCONST    	5E27	0000	41
		__initialization		CODE           	1F22	0000	97
		_ECG_ICON_HEART		MEDIUMCONST    	5E5B	0000	63
		_A6_BAUDRATES  		MEDIUMCONST    	5E4F	0000	13

shared estimated size: 1700

/opt/microchip/xc8/v2.10/pic/sources/c90/common/strlen.c
		_strlen        		CODE           	22B0	0000	79

/opt/microchip/xc8/v2.10/pic/sources/c90/common/strlen.c estimated size: 79

/opt/microchip/xc8/v2.10/pic/sources/c90/common/strcmp.c
		_strcmp        		CODE           	2202	0000	97

/opt/microchip/xc8/v2.10/pic/sources/c90/common/strcmp.c estimated size: 97

/opt/microchip/xc8/v2.10/pic/sources/c90/common/strchr.c
		_strchr        		CODE           	1CC6	0000	131

/opt/microchip/xc8/v2.10/pic/sources/c90/common/strchr.c estimated size: 131

/opt/microchip/xc8/v2.10/pic/sources/c90/common/strncmp.c
		_strncmp       		CODE           	14DE	0000	219

/opt/microchip/xc8/v2.10/pic/sources/c90/common/strncmp.c estimated size: 219

init.c
		_init          		CODE           	1EB0	0000	115
		_isr           		CODE           	0008	0000	117

init.c estimated size: 232

main.c
		_loop          		CODE           	0012	0000	1541
		_printLine     		CODE           	1B32	0000	137
		_main          		CODE           	2664	0000	33
		_sleepMS       		CODE           	24D6	0000	59

main.c estimated size: 1770

/opt/microchip/xc8/v2.10/pic/sources/c90/common/__lldiv.c
		___lldiv       		CODE           	18EA	0000	165

/opt/microchip/xc8/v2.10/pic/sources/c90/common/__lldiv.c estimated size: 165

