Microchip MPLAB XC8 Compiler V2.10 ()

Linker command line:

--edf=/opt/microchip/xc8/v2.10/pic/dat/en_msgs.txt -cs \
  -h+dist/free/production/ECG-TFT.X.production.sym \
  --cmf=dist/free/production/ECG-TFT.X.production.cmf -z -Q18F2455 \
  -o/tmp/xcXuYUn4v --defsym=__MPLAB_BUILD=1 \
  -Mdist/free/production/ECG-TFT.X.production.map -E1 -ver=XC8 --acfsm=1493 \
  -ASTACK=0184h-07FFh -pstack=STACK -ACODE=00h-05FFFh -ACONST=00h-05FFFh \
  -ASMALLCONST=0800h-08FFhx88 -AMEDIUMCONST=0800h-05FFFh -ACOMRAM=01h-05Fh \
  -AABS1=00h-07FFh -ABIGRAM=01h-07FFh -ARAM=060h-0FFh,0100h-01FFhx7 \
  -ABANK0=060h-0FFh -ABANK1=0100h-01FFh -ABANK2=0200h-02FFh \
  -ABANK3=0300h-03FFh -ABANK4=0400h-04FFh -ABANK5=0500h-05FFh \
  -ABANK6=0600h-06FFh -ABANK7=0700h-07FFh -ASFR=0F60h-0FFFh \
  -preset_vec=00h,intcode=08h,intcodelo,powerup,init -pramtop=0800h \
  -psmallconst=SMALLCONST -pmediumconst=MEDIUMCONST -pconst=CONST \
  -AFARRAM=00h-00h -ACONFIG=0300000h-030000Dh -pconfig=CONFIG \
  -AIDLOC=0200000h-0200007h -pidloc=IDLOC -AEEDATA=0F00000h-0F000FFh \
  -peeprom_data=EEDATA \
  -prdata=COMRAM,nvrram=COMRAM,nvbit=COMRAM,rbss=COMRAM,rbit=COMRAM \
  -pfarbss=FARRAM,fardata=FARRAM,nvFARRAM=FARRAM \
  -pintsave_regs=BIGRAM,bigbss=BIGRAM,bigdata=BIGRAM -pbss=RAM \
  -pidata=CODE,irdata=CODE,ibigdata=CODE,ifardata=CODE -prparam=COMRAM \
  /tmp/xcXaFNXgO.o dist/free/production/ECG-TFT.X.production.o 

Object code version is 3.11

Machine type is 18F2455

Call graph: (short form)




                Name                               Link     Load   Length Selector   Space Scale
/tmp/xcXaFNXgO.o
                init                                  E        E        4        4       0
                reset_vec                             0        0        4        0       0
                idloc                            200000   200000        8   200000       0
                config                           300000   300000        E   300000       0
dist/free/production/ECG-TFT.X.production.o
                intcode                               8        8        6        4       0
                temp                                 58       58        1        1       1
                mediumconst                        59C8     59C8      638     2CE4       0
                text37                             1388     1388       44        4       0
                text36                              950      950      182        4       0
                text35                             103A     103A       7A        4       0
                text34                             1602     1602       26        4       0
                text33                             15DC     15DC       26        4       0
                text32                             10B4     10B4       76        4       0
                text31                             140C     140C       3E        4       0
                text30                              406      406      1F4        4       0
                text29                              AD2      AD2      10A        4       0
                text28                             164A     164A       1E        4       0
                intcode_body                        D8E      D8E       9C        4       0
                text26                             1484     1484       3A        4       0
                text25                             1262     1262       4E        4       0
                text24                             12FC     12FC       48        4       0
                text23                              7C0      7C0      190        4       0
                text22                              EBE      EBE       86        4       0
                text21                             15B4     15B4       28        4       0
                text20                             158C     158C       28        4       0
                text19                              FC0      FC0       7A        4       0
                text18                             1344     1344       44        4       0
                text17                               12       12      200        4       0
                text16                              E2A      E2A       94        4       0
                text15                             12B0     12B0       4C        4       0
                text14                             13CC     13CC       40        4       0
                text13                              CC8      CC8       C6        4       0
                text12                             14F6     14F6       36        4       0
                text11                              212      212      1F4        4       0
                text10                              F44      F44       7C        4       0
                text9                              1210     1210       52        4       0
                text8                              152C     152C       32        4       0
                text7                              1628     1628       22        4       0
                text6                               BDC      BDC       EC        4       0
                text5                              112A     112A       74        4       0
                text4                              1684     1684       1A        4       0
                text3                              155E     155E       2E        4       0
                text2                              144A     144A       3A        4       0
                text1                               5FA      5FA      1C6        4       0
                text0                              1668     1668       1C        4       0
                cstackCOMRAM                          1        1       45        1       1
                cstackBANK0                          60       60       45       60       1
                bssBANK1                            100      100       84      100       1
                dataBANK0                            A5       A5       38       60       1
                bssBANK0                             DD       DD       12       60       1
                dataCOMRAM                           50       50        8        1       1
                bssCOMRAM                            46       46        A        1       1
                cinit                              119E     119E       72        4       0
                idataBANK0                         14BE     14BE       38        4       0
                idataCOMRAM                        169E     169E        8        4       0

TOTAL           Name                               Link     Load   Length     Space
        CLASS   STACK          

        CLASS   CODE           
                intcode                               8        8        6         0
                init                                  E        E        4         0
                reset_vec                             0        0        4         0
                text37                             1388     1388       44         0
                text36                              950      950      182         0
                text35                             103A     103A       7A         0
                text34                             1602     1602       26         0
                text33                             15DC     15DC       26         0
                text32                             10B4     10B4       76         0
                text31                             140C     140C       3E         0
                text30                              406      406      1F4         0
                text29                              AD2      AD2      10A         0
                text28                             164A     164A       1E         0
                intcode_body                        D8E      D8E       9C         0
                text26                             1484     1484       3A         0
                text25                             1262     1262       4E         0
                text24                             12FC     12FC       48         0
                text23                              7C0      7C0      190         0
                text22                              EBE      EBE       86         0
                text21                             15B4     15B4       28         0
                text20                             158C     158C       28         0
                text19                              FC0      FC0       7A         0
                text18                             1344     1344       44         0
                text17                               12       12      200         0
                text16                              E2A      E2A       94         0
                text15                             12B0     12B0       4C         0
                text14                             13CC     13CC       40         0
                text13                              CC8      CC8       C6         0
                text12                             14F6     14F6       36         0
                text11                              212      212      1F4         0
                text10                              F44      F44       7C         0
                text9                              1210     1210       52         0
                text8                              152C     152C       32         0
                text7                              1628     1628       22         0
                text6                               BDC      BDC       EC         0
                text5                              112A     112A       74         0
                text4                              1684     1684       1A         0
                text3                              155E     155E       2E         0
                text2                              144A     144A       3A         0
                text1                               5FA      5FA      1C6         0
                text0                              1668     1668       1C         0
                cinit                              119E     119E       72         0
                idataBANK0                         14BE     14BE       38         0
                idataCOMRAM                        169E     169E        8         0

        CLASS   CONST          

        CLASS   SMALLCONST     

        CLASS   MEDIUMCONST    
                mediumconst                        59C8     59C8      638         0

        CLASS   COMRAM         
                temp                                 58       58        1         1
                cstackCOMRAM                          1        1       45         1
                dataCOMRAM                           50       50        8         1
                bssCOMRAM                            46       46        A         1

        CLASS   ABS1           

        CLASS   BIGRAM         

        CLASS   RAM            

        CLASS   BANK0          
                cstackBANK0                          60       60       45         1
                dataBANK0                            A5       A5       38         1
                bssBANK0                             DD       DD       12         1

        CLASS   BANK1          
                bssBANK1                            100      100       84         1

        CLASS   BANK2          

        CLASS   BANK3          

        CLASS   BANK4          

        CLASS   BANK5          

        CLASS   BANK6          

        CLASS   BANK7          

        CLASS   SFR            

        CLASS   FARRAM         

        CLASS   CONFIG         
                config                           300000   300000        E         0

        CLASS   IDLOC          
                idloc                            200000   200000        8         0

        CLASS   EEDATA         



SEGMENTS        Name                           Load    Length   Top    Selector   Space  Class

                reset_vec                      000000  000004  000004         0       0  CODE    
                cstackCOMRAM                   000001  000058  000059         1       1  COMRAM  
                intcode                        000008  00169E  0016A6         4       0  CODE    
                cstackBANK0                    000060  00008F  0000EF        60       1  BANK0   
                bssBANK1                       000100  000084  000184       100       1  BANK1   
                mediumconst                    0059C8  000638  006000      2CE4       0  MEDIUMCO
                idloc                          200000  000008  200008    200000       0  IDLOC   
                config                         300000  00000E  30000E    300000       0  CONFIG  


UNUSED ADDRESS RANGES

        Name                Unused          Largest block    Delta
        BANK0            0000EF-0000FF               11
        BANK1            000184-0001FF               7C
        BANK2            000200-0002FF              100
        BANK3            000300-0003FF              100
        BANK4            000400-0004FF              100
        BANK5            000500-0005FF              100
        BANK6            000600-0006FF              100
        BANK7            000700-0007FF              100
        BIGRAM           000059-00005F                7
                         0000EF-0000FF               11
                         000184-0007FF              67C
        CODE             000004-000007                4
                         0016A6-0059C7             4322
        COMRAM           000059-00005F                7
        CONST            000004-000007                4
                         0016A6-0059C7             4322
        EEDATA           F00000-F000FF              100
        MEDIUMCONST      0016A6-0059C7             4322
        RAM              0000EF-0000FF               11
                         000184-0007FF              100
        SFR              000F60-000FFF               A0
        SMALLCONST       0016A6-0059C7              100
        STACK            000184-0007FF              67C

                                  Symbol Table

?_Ecg_CheckLeads                       cstackBANK0  000060
?___awdiv                              cstackBANK0  000060
?___wmul                               cstackBANK0  000060
?_abs                                  cstackBANK0  000060
?_strlen                               cstackBANK0  000060
?i2___wmul                             cstackCOMRAM 000001
EUSART_RX_Interrupt@c                  cstackCOMRAM 00003D
EUSART_TX_Char@c                       cstackBANK0  000060
EUSART_TX_String@len                   cstackBANK0  000066
EUSART_TX_String@str                   cstackBANK0  000064
Ecg_CheckLeads@leadsStatus             cstackBANK0  000063
TFT_DrawChar@bg                        cstackBANK0  00008C
TFT_DrawChar@c                         cstackBANK0  000089
TFT_DrawChar@color                     cstackBANK0  00008A
TFT_DrawChar@i                         cstackBANK0  000099
TFT_DrawChar@j                         cstackBANK0  000098
TFT_DrawChar@line                      cstackBANK0  000093
TFT_DrawChar@size                      cstackBANK0  00008E
TFT_DrawChar@x                         cstackBANK0  000085
TFT_DrawChar@y                         cstackBANK0  000087
TFT_DrawFillRect@color                 cstackBANK0  00007F
TFT_DrawFillRect@h                     cstackBANK0  00007D
TFT_DrawFillRect@w                     cstackBANK0  00007B
TFT_DrawFillRect@x                     cstackBANK0  000077
TFT_DrawFillRect@y                     cstackBANK0  000079
TFT_DrawLine@color                     cstackBANK0  000076
TFT_DrawLine@dx                        cstackBANK0  00008B
TFT_DrawLine@dy                        cstackBANK0  000083
TFT_DrawLine@err                       cstackBANK0  000087
TFT_DrawLine@steep                     cstackBANK0  000089
TFT_DrawLine@t                         cstackBANK0  00007B
TFT_DrawLine@t_665                     cstackBANK0  00007D
TFT_DrawLine@t_666                     cstackBANK0  00007F
TFT_DrawLine@t_667                     cstackBANK0  000081
TFT_DrawLine@x0                        cstackBANK0  00006E
TFT_DrawLine@x1                        cstackBANK0  000072
TFT_DrawLine@y0                        cstackBANK0  000070
TFT_DrawLine@y1                        cstackBANK0  000074
TFT_DrawLine@ystep                     cstackBANK0  000085
TFT_DrawPixel@color                    cstackBANK0  00006C
TFT_DrawPixel@x                        cstackBANK0  000068
TFT_DrawPixel@y                        cstackBANK0  00006A
TFT_DrawString@bg                      cstackBANK0  0000A2
TFT_DrawString@color                   cstackBANK0  0000A0
TFT_DrawString@size                    cstackBANK0  0000A4
TFT_DrawString@str                     cstackBANK0  00009E
TFT_DrawString@x                       cstackBANK0  00009A
TFT_DrawString@y                       cstackBANK0  00009C
TFT_FillScreen@color                   cstackBANK0  000077
TFT_Flood@blocks                       cstackBANK0  000072
TFT_Flood@color                        cstackBANK0  000068
TFT_Flood@color_hi                     cstackBANK0  000075
TFT_Flood@color_lo                     cstackBANK0  000076
TFT_Flood@i                            cstackBANK0  000074
TFT_Flood@len                          cstackBANK0  00006A
TFT_Init@cmd                           cstackBANK0  00007F
TFT_Init@data                          cstackBANK0  00007B
TFT_Init@i                             cstackBANK0  000081
TFT_Init@initSequenceSize              cstackBANK0  00007D
TFT_SetAddrWindow@x1                   cstackBANK0  000068
TFT_SetAddrWindow@x2                   cstackBANK0  00006C
TFT_SetAddrWindow@y1                   cstackBANK0  00006A
TFT_SetAddrWindow@y2                   cstackBANK0  00006E
TFT_WriteRegister@data                 cstackBANK0  000062
TFT_WriteRegister@h                    cstackBANK0  000064
TFT_WriteRegister@h_620                cstackBANK0  000066
TFT_WriteRegister@l                    cstackBANK0  000065
TFT_WriteRegister@l_621                cstackBANK0  000067
TFT_WriteRegister@reg                  cstackBANK0  000060
_ADCON0bits                            (abs)        000FC2
_ADCON1bits                            (abs)        000FC1
_ADCON2bits                            (abs)        000FC0
_ADRESH                                (abs)        000FC4
_ADRESL                                (abs)        000FC3
_BAUDCONbits                           (abs)        000FB8
_CREN                                  (abs)        007D5C
_ECG_BUFFER                            bssBANK0     0000EA
_ECG_FLAGS                             bssCOMRAM    00004E
_ECG_HEARTBEAT                         bssBANK0     0000DD
_ECG_HEARTRATE                         bssCOMRAM    000046
_ECG_ICON_HEART                        mediumconst  005F95
_EUSART_Init                           text25       001262
_EUSART_RX                             bssBANK1     000100
_EUSART_RX_Interrupt                   text29       000AD2
_EUSART_RX_Interrupt$1952              cstackCOMRAM 00003B
_EUSART_TX_Char                        text4        001684
_EUSART_TX_String                      text3        00155E
_Ecg_Background_Leads_Failure          text14       0013CC
_Ecg_Background_Leads_Ok               text10       000F44
_Ecg_CheckLeads                        text9        001210
_Ecg_Init                              text8        00152C
_Ecg_Interrupt                         text28       00164A
_Ecg_X                                 dataCOMRAM   000056
_Ecg_Xold                              dataCOMRAM   000054
_Ecg_Y                                 dataCOMRAM   000052
_Ecg_Yold                              dataCOMRAM   000050
_GIE                                   (abs)        007F97
_GO_nDONE                              (abs)        007E11
_LATA                                  (abs)        000F89
_LATB                                  (abs)        000F8A
_LATC                                  (abs)        000F8B
_MILLISECONDS                          bssCOMRAM    00004A
_OERR                                  (abs)        007D59
_OSCCONbits                            (abs)        000FD3
_OSCTUNEbits                           (abs)        000F9B
_PEIE                                  (abs)        007F96
_PORTAbits                             (abs)        000F80
_PORTB                                 (abs)        000F81
_PORTCbits                             (abs)        000F82
_RBPU                                  (abs)        007F8F
_RCIE                                  (abs)        007CED
_RCIF                                  (abs)        007CF5
_RCREG                                 (abs)        000FAE
_RCSTAbits                             (abs)        000FAB
_SPBRG                                 (abs)        000FAF
_SPBRGH                                (abs)        000FB0
_T3CONbits                             (abs)        000FB1
_TFT_DrawChar                          text17       000012
_TFT_DrawChar$1877                     cstackBANK0  000094
_TFT_DrawChar$1878                     cstackBANK0  000096
_TFT_DrawFillRect                      text19       000FC0
_TFT_DrawLine                          text11       000212
_TFT_DrawPixel                         text18       001344
_TFT_DrawString                        text16       000E2A
_TFT_FillScreen                        text15       0012B0
_TFT_Flood                             text23       0007C0
_TFT_Font                              mediumconst  0059C9
_TFT_FullScreen                        text21       0015B4
_TFT_Init                              text6        000BDC
_TFT_Init_Sequence                     mediumconst  005EC9
_TFT_Reset                             text7        001628
_TFT_SetAddrWindow                     text22       000EBE
_TFT_WriteRegister                     text24       0012FC
_TMR3H                                 (abs)        000FB3
_TMR3IE                                (abs)        007D01
_TMR3IF                                (abs)        007D09
_TMR3L                                 (abs)        000FB2
_TRISA                                 (abs)        000F92
_TRISB                                 (abs)        000F93
_TRISC                                 (abs)        000F94
_TXIF                                  (abs)        007CF4
_TXREG                                 (abs)        000FAD
_TXSTAbits                             (abs)        000FAC
_UCFGbits                              (abs)        000F6F
_UCONbits                              (abs)        000F6D
__CFG_BOR$OFF                          (abs)        000000
__CFG_BORV$0                           (abs)        000000
__CFG_CCP2MX$ON                        (abs)        000000
__CFG_CP0$OFF                          (abs)        000000
__CFG_CP1$OFF                          (abs)        000000
__CFG_CP2$OFF                          (abs)        000000
__CFG_CPB$OFF                          (abs)        000000
__CFG_CPD$OFF                          (abs)        000000
__CFG_CPUDIV$OSC1_PLL2                 (abs)        000000
__CFG_EBTR0$OFF                        (abs)        000000
__CFG_EBTR1$OFF                        (abs)        000000
__CFG_EBTR2$OFF                        (abs)        000000
__CFG_EBTRB$OFF                        (abs)        000000
__CFG_FCMEN$OFF                        (abs)        000000
__CFG_FOSC$HSPLL_HS                    (abs)        000000
__CFG_IESO$OFF                         (abs)        000000
__CFG_LPT1OSC$OFF                      (abs)        000000
__CFG_LVP$OFF                          (abs)        000000
__CFG_MCLRE$OFF                        (abs)        000000
__CFG_PBADEN$OFF                       (abs)        000000
__CFG_PLLDIV$1                         (abs)        000000
__CFG_PWRT$OFF                         (abs)        000000
__CFG_STVREN$OFF                       (abs)        000000
__CFG_USBDIV$2                         (abs)        000000
__CFG_VREGEN$OFF                       (abs)        000000
__CFG_WDT$OFF                          (abs)        000000
__CFG_WDTPS$32768                      (abs)        000000
__CFG_WRT0$OFF                         (abs)        000000
__CFG_WRT1$OFF                         (abs)        000000
__CFG_WRT2$OFF                         (abs)        000000
__CFG_WRTB$OFF                         (abs)        000000
__CFG_WRTC$OFF                         (abs)        000000
__CFG_WRTD$OFF                         (abs)        000000
__CFG_XINST$OFF                        (abs)        000000
__HRAM                                 (abs)        000000
__Habs1                                abs1         000000
__Hbank0                               bank0        000000
__Hbank1                               bank1        000000
__Hbank2                               bank2        000000
__Hbank3                               bank3        000000
__Hbank4                               bank4        000000
__Hbank5                               bank5        000000
__Hbank6                               bank6        000000
__Hbank7                               bank7        000000
__Hbigbss                              bigbss       000000
__Hbigdata                             bigdata      000000
__Hbigram                              bigram       000000
__Hbss                                 bss          000000
__HbssBANK0                            bssBANK0     000000
__HbssBANK1                            bssBANK1     000000
__HbssCOMRAM                           bssCOMRAM    000000
__Hcinit                               cinit        000000
__Hclrtext                             clrtext      000000
__Hcomram                              comram       000000
__Hconfig                              config       30000E
__Hconst                               const        000000
__HcstackBANK0                         cstackBANK0  000000
__HcstackCOMRAM                        cstackCOMRAM 000000
__Hdata                                data         000000
__HdataBANK0                           dataBANK0    000000
__HdataCOMRAM                          dataCOMRAM   000000
__Heeprom_data                         eeprom_data  000000
__Hfarbss                              farbss       000000
__Hfardata                             fardata      000000
__Hibigdata                            ibigdata     000000
__Hidata                               idata        000000
__HidataBANK0                          idataBANK0   000000
__HidataCOMRAM                         idataCOMRAM  000000
__Hidloc                               idloc        200008
__Hifardata                            ifardata     000000
__Hinit                                init         000012
__Hintcode                             intcode      00000E
__Hintcode_body                        intcode_body 000000
__Hintcodelo                           intcodelo    00000E
__Hintentry                            intentry     000000
__Hintret                              intret       000000
__Hintsave_regs                        intsave_regs 000000
__Hirdata                              irdata       000000
__Hmediumconst                         mediumconst  006000
__HnvFARRAM                            nvFARRAM     000000
__Hnvbit                               nvbit        000000
__Hnvrram                              nvrram       000000
__Hparam                               rparam       000000
__Hpowerup                             powerup      00000E
__Hram                                 ram          000000
__Hramtop                              ramtop       000800
__Hrbit                                rbit         000000
__Hrbss                                rbss         000000
__Hrdata                               rdata        000000
__Hreset_vec                           reset_vec    000004
__Hrparam                              rparam       000000
__Hsfr                                 sfr          000000
__Hsmallconst                          smallconst   000000
__Hspace_0                             (abs)        30000E
__Hspace_1                             (abs)        000184
__Hspace_2                             (abs)        000000
__Hstack                               stack        000000
__Hstruct                              struct       000000
__Htemp                                temp         000059
__Htext                                text         000000
__Htext0                               text0        000000
__Htext1                               text1        000000
__Htext10                              text10       000000
__Htext11                              text11       000000
__Htext12                              text12       000000
__Htext13                              text13       000000
__Htext14                              text14       000000
__Htext15                              text15       000000
__Htext16                              text16       000000
__Htext17                              text17       000000
__Htext18                              text18       000000
__Htext19                              text19       000000
__Htext2                               text2        000000
__Htext20                              text20       000000
__Htext21                              text21       000000
__Htext22                              text22       000000
__Htext23                              text23       000000
__Htext24                              text24       000000
__Htext25                              text25       000000
__Htext26                              text26       000000
__Htext28                              text28       000000
__Htext29                              text29       000000
__Htext3                               text3        000000
__Htext30                              text30       000000
__Htext31                              text31       000000
__Htext32                              text32       000000
__Htext33                              text33       000000
__Htext34                              text34       000000
__Htext35                              text35       000000
__Htext36                              text36       000000
__Htext37                              text37       000000
__Htext4                               text4        000000
__Htext5                               text5        000000
__Htext6                               text6        000000
__Htext7                               text7        000000
__Htext8                               text8        000000
__Htext9                               text9        000000
__LRAM                                 (abs)        000001
__Labs1                                abs1         000000
__Lbank0                               bank0        000000
__Lbank1                               bank1        000000
__Lbank2                               bank2        000000
__Lbank3                               bank3        000000
__Lbank4                               bank4        000000
__Lbank5                               bank5        000000
__Lbank6                               bank6        000000
__Lbank7                               bank7        000000
__Lbigbss                              bigbss       000000
__Lbigdata                             bigdata      000000
__Lbigram                              bigram       000000
__Lbss                                 bss          000000
__LbssBANK0                            bssBANK0     000000
__LbssBANK1                            bssBANK1     000000
__LbssCOMRAM                           bssCOMRAM    000000
__Lcinit                               cinit        000000
__Lclrtext                             clrtext      000000
__Lcomram                              comram       000000
__Lconfig                              config       300000
__Lconst                               const        000000
__LcstackBANK0                         cstackBANK0  000000
__LcstackCOMRAM                        cstackCOMRAM 000000
__Ldata                                data         000000
__LdataBANK0                           dataBANK0    000000
__LdataCOMRAM                          dataCOMRAM   000000
__Leeprom_data                         eeprom_data  000000
__Lfarbss                              farbss       000000
__Lfardata                             fardata      000000
__Libigdata                            ibigdata     000000
__Lidata                               idata        000000
__LidataBANK0                          idataBANK0   000000
__LidataCOMRAM                         idataCOMRAM  000000
__Lidloc                               idloc        200000
__Lifardata                            ifardata     000000
__Linit                                init         00000E
__Lintcode                             intcode      000008
__Lintcode_body                        intcode_body 000000
__Lintcodelo                           intcodelo    00000E
__Lintentry                            intentry     000000
__Lintret                              intret       000000
__Lintsave_regs                        intsave_regs 000000
__Lirdata                              irdata       000000
__Lmediumconst                         mediumconst  0059C8
__LnvFARRAM                            nvFARRAM     000000
__Lnvbit                               nvbit        000000
__Lnvrram                              nvrram       000000
__Lparam                               rparam       000000
__Lpowerup                             powerup      00000E
__Lram                                 ram          000000
__Lramtop                              ramtop       000800
__Lrbit                                rbit         000000
__Lrbss                                rbss         000000
__Lrdata                               rdata        000000
__Lreset_vec                           reset_vec    000000
__Lrparam                              rparam       000000
__Lsfr                                 sfr          000000
__Lsmallconst                          smallconst   000000
__Lspace_0                             (abs)        000000
__Lspace_1                             (abs)        000000
__Lspace_2                             (abs)        000000
__Lstack                               stack        000000
__Lstruct                              struct       000000
__Ltemp                                temp         000058
__Ltext                                text         000000
__Ltext0                               text0        000000
__Ltext1                               text1        000000
__Ltext10                              text10       000000
__Ltext11                              text11       000000
__Ltext12                              text12       000000
__Ltext13                              text13       000000
__Ltext14                              text14       000000
__Ltext15                              text15       000000
__Ltext16                              text16       000000
__Ltext17                              text17       000000
__Ltext18                              text18       000000
__Ltext19                              text19       000000
__Ltext2                               text2        000000
__Ltext20                              text20       000000
__Ltext21                              text21       000000
__Ltext22                              text22       000000
__Ltext23                              text23       000000
__Ltext24                              text24       000000
__Ltext25                              text25       000000
__Ltext26                              text26       000000
__Ltext28                              text28       000000
__Ltext29                              text29       000000
__Ltext3                               text3        000000
__Ltext30                              text30       000000
__Ltext31                              text31       000000
__Ltext32                              text32       000000
__Ltext33                              text33       000000
__Ltext34                              text34       000000
__Ltext35                              text35       000000
__Ltext36                              text36       000000
__Ltext37                              text37       000000
__Ltext4                               text4        000000
__Ltext5                               text5        000000
__Ltext6                               text6        000000
__Ltext7                               text7        000000
__Ltext8                               text8        000000
__Ltext9                               text9        000000
__S0                                   (abs)        30000E
__S1                                   (abs)        000184
__S2                                   (abs)        000000
___awdiv                               text13       000CC8
___awdiv@counter                       cstackBANK0  000064
___awdiv@dividend                      cstackBANK0  000060
___awdiv@divisor                       cstackBANK0  000062
___awdiv@quotient                      cstackBANK0  000066
___awdiv@sign                          cstackBANK0  000065
___inthi_sp                            stack        000000
___intlo_sp                            stack        000000
___param_bank                          (abs)        000000
___rparam_used                         (abs)        000001
___sp                                  stack        000000
___wmul                                text20       00158C
___wmul@multiplicand                   cstackBANK0  000062
___wmul@multiplier                     cstackBANK0  000060
___wmul@product                        cstackBANK0  000064
__accesstop                            (abs)        000060
__activetblptr                         (abs)        000002
__end_of_ECG_ICON_HEART                mediumconst  005FD3
__end_of_EUSART_Init                   text25       0012B0
__end_of_EUSART_RX_Interrupt           text29       000BDC
__end_of_EUSART_TX_Char                text4        00169E
__end_of_EUSART_TX_String              text3        00158C
__end_of_Ecg_Background_Leads_Failure  text14       00140C
__end_of_Ecg_Background_Leads_Ok       text10       000FC0
__end_of_Ecg_CheckLeads                text9        001262
__end_of_Ecg_Init                      text8        00155E
__end_of_Ecg_Interrupt                 text28       001668
__end_of_TFT_DrawChar                  text17       000212
__end_of_TFT_DrawFillRect              text19       00103A
__end_of_TFT_DrawLine                  text11       000406
__end_of_TFT_DrawPixel                 text18       001388
__end_of_TFT_DrawString                text16       000EBE
__end_of_TFT_FillScreen                text15       0012FC
__end_of_TFT_Flood                     text23       000950
__end_of_TFT_Font                      mediumconst  005EC9
__end_of_TFT_FullScreen                text21       0015DC
__end_of_TFT_Init                      text6        000CC8
__end_of_TFT_Init_Sequence             mediumconst  005F95
__end_of_TFT_Reset                     text7        00164A
__end_of_TFT_SetAddrWindow             text22       000F44
__end_of_TFT_WriteRegister             text24       001344
__end_of___awdiv                       text13       000D8E
__end_of___wmul                        text20       0015B4
__end_of__initialization               cinit        001202
__end_of_abs                           text12       00152C
__end_of_init                          text5        00119E
__end_of_isr                           intcode_body 000E2A
__end_of_loop                          text1        0007C0
__end_of_main                          text0        001684
__end_of_memset                        text26       0014BE
__end_of_strlen                        text2        001484
__end_ofi2_TFT_DrawChar                text30       0005FA
__end_ofi2_TFT_DrawFillRect            text32       00112A
__end_ofi2_TFT_DrawPixel               text31       00144A
__end_ofi2_TFT_Flood                   text36       000AD2
__end_ofi2_TFT_FullScreen              text34       001628
__end_ofi2_TFT_SetAddrWindow           text35       0010B4
__end_ofi2_TFT_WriteRegister           text37       0013CC
__end_ofi2___wmul                      text33       001602
__initialization                       cinit        00119E
__mediumconst                          mediumconst  0059C8
__pbssBANK0                            bssBANK0     0000DD
__pbssBANK1                            bssBANK1     000100
__pbssCOMRAM                           bssCOMRAM    000046
__pcinit                               cinit        00119E
__pcstackBANK0                         cstackBANK0  000060
__pcstackCOMRAM                        cstackCOMRAM 000001
__pdataBANK0                           dataBANK0    0000A5
__pdataCOMRAM                          dataCOMRAM   000050
__pidataBANK0                          idataBANK0   0014BE
__pidataCOMRAM                         idataCOMRAM  00169E
__pintcode                             intcode      000008
__pintcode_body                        intcode_body 000D8E
__pmediumconst                         mediumconst  0059C8
__ptext0                               text0        001668
__ptext1                               text1        0005FA
__ptext10                              text10       000F44
__ptext11                              text11       000212
__ptext12                              text12       0014F6
__ptext13                              text13       000CC8
__ptext14                              text14       0013CC
__ptext15                              text15       0012B0
__ptext16                              text16       000E2A
__ptext17                              text17       000012
__ptext18                              text18       001344
__ptext19                              text19       000FC0
__ptext2                               text2        00144A
__ptext20                              text20       00158C
__ptext21                              text21       0015B4
__ptext22                              text22       000EBE
__ptext23                              text23       0007C0
__ptext24                              text24       0012FC
__ptext25                              text25       001262
__ptext26                              text26       001484
__ptext28                              text28       00164A
__ptext29                              text29       000AD2
__ptext3                               text3        00155E
__ptext30                              text30       000406
__ptext31                              text31       00140C
__ptext32                              text32       0010B4
__ptext33                              text33       0015DC
__ptext34                              text34       001602
__ptext35                              text35       00103A
__ptext36                              text36       000950
__ptext37                              text37       001388
__ptext4                               text4        001684
__ptext5                               text5        00112A
__ptext6                               text6        000BDC
__ptext7                               text7        001628
__ptext8                               text8        00152C
__ptext9                               text9        001210
__ramtop                               ramtop       000800
__size_of_EUSART_Init                  (abs)        000000
__size_of_EUSART_RX_Interrupt          (abs)        000000
__size_of_EUSART_TX_Char               (abs)        000000
__size_of_EUSART_TX_String             (abs)        000000
__size_of_Ecg_Background_Leads_Failure (abs)        000000
__size_of_Ecg_Background_Leads_Ok      (abs)        000000
__size_of_Ecg_CheckLeads               (abs)        000000
__size_of_Ecg_Init                     (abs)        000000
__size_of_Ecg_Interrupt                (abs)        000000
__size_of_TFT_DrawChar                 (abs)        000000
__size_of_TFT_DrawFillRect             (abs)        000000
__size_of_TFT_DrawLine                 (abs)        000000
__size_of_TFT_DrawPixel                (abs)        000000
__size_of_TFT_DrawString               (abs)        000000
__size_of_TFT_FillScreen               (abs)        000000
__size_of_TFT_Flood                    (abs)        000000
__size_of_TFT_FullScreen               (abs)        000000
__size_of_TFT_Init                     (abs)        000000
__size_of_TFT_Reset                    (abs)        000000
__size_of_TFT_SetAddrWindow            (abs)        000000
__size_of_TFT_WriteRegister            (abs)        000000
__size_of___awdiv                      (abs)        000000
__size_of___wmul                       (abs)        000000
__size_of_abs                          (abs)        000000
__size_of_init                         (abs)        000000
__size_of_isr                          (abs)        000000
__size_of_loop                         (abs)        000000
__size_of_main                         (abs)        000000
__size_of_memset                       (abs)        000000
__size_of_strlen                       (abs)        000000
__size_ofi2_TFT_DrawChar               (abs)        000000
__size_ofi2_TFT_DrawFillRect           (abs)        000000
__size_ofi2_TFT_DrawPixel              (abs)        000000
__size_ofi2_TFT_Flood                  (abs)        000000
__size_ofi2_TFT_FullScreen             (abs)        000000
__size_ofi2_TFT_SetAddrWindow          (abs)        000000
__size_ofi2_TFT_WriteRegister          (abs)        000000
__size_ofi2___wmul                     (abs)        000000
__smallconst                           smallconst   000000
_abs                                   text12       0014F6
_init                                  text5        00112A
_isr                                   intcode      000008
_loop                                  text1        0005FA
_main                                  text0        001668
_memset                                text26       001484
_strlen                                text2        00144A
_x1                                    dataBANK0    0000CC
_x2                                    dataBANK0    0000B9
_x3                                    dataBANK0    0000D5
_x4                                    dataBANK0    0000C3
_x5                                    dataBANK0    0000AF
_x6                                    dataBANK0    0000A5
abs@a                                  cstackBANK0  000060
btemp                                  temp         000058
end_of_initialization                  cinit        001202
i2TFT_DrawChar@bg                      cstackCOMRAM 00002D
i2TFT_DrawChar@c                       cstackCOMRAM 00002A
i2TFT_DrawChar@color                   cstackCOMRAM 00002B
i2TFT_DrawChar@i                       cstackCOMRAM 00003A
i2TFT_DrawChar@j                       cstackCOMRAM 000039
i2TFT_DrawChar@line                    cstackCOMRAM 000034
i2TFT_DrawChar@size                    cstackCOMRAM 00002F
i2TFT_DrawChar@x                       cstackCOMRAM 000026
i2TFT_DrawChar@y                       cstackCOMRAM 000028
i2TFT_DrawFillRect@color               cstackCOMRAM 000020
i2TFT_DrawFillRect@h                   cstackCOMRAM 00001E
i2TFT_DrawFillRect@w                   cstackCOMRAM 00001C
i2TFT_DrawFillRect@x                   cstackCOMRAM 000018
i2TFT_DrawFillRect@y                   cstackCOMRAM 00001A
i2TFT_DrawPixel@color                  cstackCOMRAM 00000D
i2TFT_DrawPixel@x                      cstackCOMRAM 000009
i2TFT_DrawPixel@y                      cstackCOMRAM 00000B
i2TFT_Flood@blocks                     cstackCOMRAM 000013
i2TFT_Flood@color                      cstackCOMRAM 000009
i2TFT_Flood@color_hi                   cstackCOMRAM 000016
i2TFT_Flood@color_lo                   cstackCOMRAM 000017
i2TFT_Flood@i                          cstackCOMRAM 000015
i2TFT_Flood@len                        cstackCOMRAM 00000B
i2TFT_SetAddrWindow@x1                 cstackCOMRAM 000009
i2TFT_SetAddrWindow@x2                 cstackCOMRAM 00000D
i2TFT_SetAddrWindow@y1                 cstackCOMRAM 00000B
i2TFT_SetAddrWindow@y2                 cstackCOMRAM 00000F
i2TFT_WriteRegister@data               cstackCOMRAM 000003
i2TFT_WriteRegister@h                  cstackCOMRAM 000005
i2TFT_WriteRegister@h_620              cstackCOMRAM 000007
i2TFT_WriteRegister@l                  cstackCOMRAM 000006
i2TFT_WriteRegister@l_621              cstackCOMRAM 000008
i2TFT_WriteRegister@reg                cstackCOMRAM 000001
i2_TFT_DrawChar                        text30       000406
i2_TFT_DrawChar$1953                   cstackCOMRAM 000035
i2_TFT_DrawChar$1954                   cstackCOMRAM 000037
i2_TFT_DrawFillRect                    text32       0010B4
i2_TFT_DrawPixel                       text31       00140C
i2_TFT_Flood                           text36       000950
i2_TFT_FullScreen                      text34       001602
i2_TFT_SetAddrWindow                   text35       00103A
i2_TFT_WriteRegister                   text37       001388
i2___wmul                              text33       0015DC
i2___wmul@multiplicand                 cstackCOMRAM 000003
i2___wmul@multiplier                   cstackCOMRAM 000001
i2___wmul@product                      cstackCOMRAM 000005
int$flags                              temp         000058
int_func                               intcode_body 000D8E
intlevel0                              text         000000
intlevel1                              text         000000
intlevel2                              text         000000
intlevel3                              text         000000
memset@c                               cstackBANK0  000062
memset@n                               cstackBANK0  000064
memset@p                               cstackBANK0  000066
memset@p1                              cstackBANK0  000060
stackhi                                (abs)        0007FF
stacklo                                (abs)        000184
start                                  init         00000E
start_initialization                   cinit        00119E
strlen@cp                              cstackBANK0  000062
strlen@s                               cstackBANK0  000060
ttemp5                                 temp         000059
ttemp6                                 temp         00005C
ttemp7                                 temp         000060
wtemp8                                 temp         000059


FUNCTION INFORMATION:

 *************** function _main *****************
 Defined at:
		line 20 in file "main.c"
 Parameters:    Size  Location     Type
		None
 Auto vars:     Size  Location     Type
		None
 Return value:  Size  Location     Type
                  1    wreg      void 
 Registers used:
		wreg, fsr0l, fsr0h, fsr2l, fsr2h, status,2, status,0, tblptrl, tblptrh, tblptru, prodl, prodh, cstack
 Tracked objects:
		On entry : 
		On exit  : 
		Unchanged: 
 Data sizes:     COMRAM   BANK0   BANK1   BANK2   BANK3   BANK4   BANK5   BANK6   BANK7
      Params:         0       0       0       0       0       0       0       0       0
      Locals:         0       0       0       0       0       0       0       0       0
      Temps:          0       0       0       0       0       0       0       0       0
      Totals:         0       0       0       0       0       0       0       0       0
Total ram usage:        0 bytes
 Hardware stack levels required when called:   15
 This function calls:
		_EUSART_Init
		_Ecg_Init
		_TFT_Init
		_init
		_loop
 This function is called by:
		Startup code after reset
 This function uses a non-reentrant model


 *************** function _loop *****************
 Defined at:
		line 35 in file "main.c"
 Parameters:    Size  Location     Type
		None
 Auto vars:     Size  Location     Type
		None
 Return value:  Size  Location     Type
                  1    wreg      void 
 Registers used:
		wreg, fsr2l, fsr2h, status,2, status,0, cstack
 Tracked objects:
		On entry : 
		On exit  : 
		Unchanged: 
 Data sizes:     COMRAM   BANK0   BANK1   BANK2   BANK3   BANK4   BANK5   BANK6   BANK7
      Params:         0       0       0       0       0       0       0       0       0
      Locals:         0       0       0       0       0       0       0       0       0
      Temps:          0       2       0       0       0       0       0       0       0
      Totals:         0       2       0       0       0       0       0       0       0
Total ram usage:        2 bytes
 Hardware stack levels used:    1
 Hardware stack levels required when called:    9
 This function calls:
		_EUSART_TX_String
		_strlen
 This function is called by:
		_main
 This function uses a non-reentrant model


 *************** function _strlen *****************
 Defined at:
		line 4 in file "/opt/microchip/xc8/v2.10/pic/sources/c90/common/strlen.c"
 Parameters:    Size  Location     Type
  s               2    0[BANK0 ] PTR const unsigned char 
		 -> x6(10), x5(10), x4(9), x3(8), 
		 -> x2(10), x1(9), 
 Auto vars:     Size  Location     Type
  cp              2    2[BANK0 ] PTR const unsigned char 
		 -> x6(10), x5(10), x4(9), x3(8), 
		 -> x2(10), x1(9), 
 Return value:  Size  Location     Type
                  2    0[BANK0 ] unsigned int 
 Registers used:
		wreg, fsr2l, fsr2h, status,2, status,0
 Tracked objects:
		On entry : 
		On exit  : 
		Unchanged: 
 Data sizes:     COMRAM   BANK0   BANK1   BANK2   BANK3   BANK4   BANK5   BANK6   BANK7
      Params:         0       2       0       0       0       0       0       0       0
      Locals:         0       2       0       0       0       0       0       0       0
      Temps:          0       0       0       0       0       0       0       0       0
      Totals:         0       4       0       0       0       0       0       0       0
Total ram usage:        4 bytes
 Hardware stack levels used:    1
 Hardware stack levels required when called:    7
 This function calls:
		Nothing
 This function is called by:
		_loop
 This function uses a non-reentrant model


 *************** function _EUSART_TX_String *****************
 Defined at:
		line 48 in file "eusart.c"
 Parameters:    Size  Location     Type
  str             2    4[BANK0 ] PTR unsigned char 
		 -> x6(10), x5(10), x4(9), x3(8), 
		 -> x2(10), x1(9), 
  len             1    6[BANK0 ] unsigned char 
 Auto vars:     Size  Location     Type
		None
 Return value:  Size  Location     Type
                  1    wreg      void 
 Registers used:
		wreg, fsr2l, fsr2h, status,2, status,0, cstack
 Tracked objects:
		On entry : 
		On exit  : 
		Unchanged: 
 Data sizes:     COMRAM   BANK0   BANK1   BANK2   BANK3   BANK4   BANK5   BANK6   BANK7
      Params:         0       3       0       0       0       0       0       0       0
      Locals:         0       0       0       0       0       0       0       0       0
      Temps:          0       0       0       0       0       0       0       0       0
      Totals:         0       3       0       0       0       0       0       0       0
Total ram usage:        3 bytes
 Hardware stack levels used:    1
 Hardware stack levels required when called:    8
 This function calls:
		_EUSART_TX_Char
 This function is called by:
		_loop
 This function uses a non-reentrant model


 *************** function _EUSART_TX_Char *****************
 Defined at:
		line 42 in file "eusart.c"
 Parameters:    Size  Location     Type
  c               1    wreg     unsigned char 
 Auto vars:     Size  Location     Type
  c               1    0[BANK0 ] unsigned char 
 Return value:  Size  Location     Type
                  1    wreg      void 
 Registers used:
		wreg
 Tracked objects:
		On entry : 
		On exit  : 
		Unchanged: 
 Data sizes:     COMRAM   BANK0   BANK1   BANK2   BANK3   BANK4   BANK5   BANK6   BANK7
      Params:         0       0       0       0       0       0       0       0       0
      Locals:         0       1       0       0       0       0       0       0       0
      Temps:          0       0       0       0       0       0       0       0       0
      Totals:         0       1       0       0       0       0       0       0       0
Total ram usage:        1 bytes
 Hardware stack levels used:    1
 Hardware stack levels required when called:    7
 This function calls:
		Nothing
 This function is called by:
		_EUSART_TX_String
 This function uses a non-reentrant model


 *************** function _init *****************
 Defined at:
		line 15 in file "init.c"
 Parameters:    Size  Location     Type
		None
 Auto vars:     Size  Location     Type
		None
 Return value:  Size  Location     Type
                  1    wreg      void 
 Registers used:
		wreg, status,2
 Tracked objects:
		On entry : 
		On exit  : 
		Unchanged: 
 Data sizes:     COMRAM   BANK0   BANK1   BANK2   BANK3   BANK4   BANK5   BANK6   BANK7
      Params:         0       0       0       0       0       0       0       0       0
      Locals:         0       0       0       0       0       0       0       0       0
      Temps:          0       2       0       0       0       0       0       0       0
      Totals:         0       2       0       0       0       0       0       0       0
Total ram usage:        2 bytes
 Hardware stack levels used:    1
 Hardware stack levels required when called:    7
 This function calls:
		Nothing
 This function is called by:
		_main
 This function uses a non-reentrant model


 *************** function _TFT_Init *****************
 Defined at:
		line 72 in file "TFT.c"
 Parameters:    Size  Location     Type
		None
 Auto vars:     Size  Location     Type
  i               2   33[BANK0 ] unsigned int 
  cmd             2   31[BANK0 ] unsigned int 
  initSequence    2   29[BANK0 ] unsigned int 
  data            2   27[BANK0 ] unsigned int 
 Return value:  Size  Location     Type
                  1    wreg      void 
 Registers used:
		wreg, status,2, status,0, tblptrl, tblptrh, tblptru, cstack
 Tracked objects:
		On entry : 
		On exit  : 
		Unchanged: 
 Data sizes:     COMRAM   BANK0   BANK1   BANK2   BANK3   BANK4   BANK5   BANK6   BANK7
      Params:         0       0       0       0       0       0       0       0       0
      Locals:         0       8       0       0       0       0       0       0       0
      Temps:          0       2       0       0       0       0       0       0       0
      Totals:         0      10       0       0       0       0       0       0       0
Total ram usage:       10 bytes
 Hardware stack levels used:    1
 Hardware stack levels required when called:   10
 This function calls:
		_TFT_FillScreen
		_TFT_FullScreen
		_TFT_Reset
		_TFT_WriteRegister
 This function is called by:
		_main
 This function uses a non-reentrant model


 *************** function _TFT_Reset *****************
 Defined at:
		line 46 in file "TFT.c"
 Parameters:    Size  Location     Type
		None
 Auto vars:     Size  Location     Type
		None
 Return value:  Size  Location     Type
                  1    wreg      void 
 Registers used:
		wreg, status,2
 Tracked objects:
		On entry : 
		On exit  : 
		Unchanged: 
 Data sizes:     COMRAM   BANK0   BANK1   BANK2   BANK3   BANK4   BANK5   BANK6   BANK7
      Params:         0       0       0       0       0       0       0       0       0
      Locals:         0       0       0       0       0       0       0       0       0
      Temps:          0       1       0       0       0       0       0       0       0
      Totals:         0       1       0       0       0       0       0       0       0
Total ram usage:        1 bytes
 Hardware stack levels used:    1
 Hardware stack levels required when called:    7
 This function calls:
		Nothing
 This function is called by:
		_TFT_Init
 This function uses a non-reentrant model


 *************** function _Ecg_Init *****************
 Defined at:
		line 12 in file "ecg.c"
 Parameters:    Size  Location     Type
		None
 Auto vars:     Size  Location     Type
		None
 Return value:  Size  Location     Type
                  1    wreg      void 
 Registers used:
		wreg, fsr0l, fsr0h, status,2, status,0, tblptrl, tblptrh, tblptru, prodl, prodh, cstack
 Tracked objects:
		On entry : 
		On exit  : 
		Unchanged: 
 Data sizes:     COMRAM   BANK0   BANK1   BANK2   BANK3   BANK4   BANK5   BANK6   BANK7
      Params:         0       0       0       0       0       0       0       0       0
      Locals:         0       0       0       0       0       0       0       0       0
      Temps:          0       0       0       0       0       0       0       0       0
      Totals:         0       0       0       0       0       0       0       0       0
Total ram usage:        0 bytes
 Hardware stack levels used:    1
 Hardware stack levels required when called:   14
 This function calls:
		_Ecg_Background_Leads_Failure
		_Ecg_Background_Leads_Ok
		_Ecg_CheckLeads
 This function is called by:
		_main
 This function uses a non-reentrant model


 *************** function _Ecg_CheckLeads *****************
 Defined at:
		line 141 in file "ecg.c"
 Parameters:    Size  Location     Type
		None
 Auto vars:     Size  Location     Type
  leadsStatus     1    3[BANK0 ] unsigned char 
 Return value:  Size  Location     Type
                  2    0[BANK0 ] unsigned int 
 Registers used:
		wreg, status,2, status,0
 Tracked objects:
		On entry : 
		On exit  : 
		Unchanged: 
 Data sizes:     COMRAM   BANK0   BANK1   BANK2   BANK3   BANK4   BANK5   BANK6   BANK7
      Params:         0       2       0       0       0       0       0       0       0
      Locals:         0       1       0       0       0       0       0       0       0
      Temps:          0       1       0       0       0       0       0       0       0
      Totals:         0       4       0       0       0       0       0       0       0
Total ram usage:        4 bytes
 Hardware stack levels used:    1
 Hardware stack levels required when called:    7
 This function calls:
		Nothing
 This function is called by:
		_Ecg_Init
		_Ecg_ProcessEcg
 This function uses a non-reentrant model


 *************** function _Ecg_Background_Leads_Ok *****************
 Defined at:
		line 180 in file "ecg.c"
 Parameters:    Size  Location     Type
		None
 Auto vars:     Size  Location     Type
		None
 Return value:  Size  Location     Type
                  1    wreg      void 
 Registers used:
		wreg, fsr0l, fsr0h, status,2, status,0, tblptrl, tblptrh, tblptru, prodl, prodh, cstack
 Tracked objects:
		On entry : 
		On exit  : 
		Unchanged: 
 Data sizes:     COMRAM   BANK0   BANK1   BANK2   BANK3   BANK4   BANK5   BANK6   BANK7
      Params:         0       0       0       0       0       0       0       0       0
      Locals:         0       0       0       0       0       0       0       0       0
      Temps:          0       0       0       0       0       0       0       0       0
      Totals:         0       0       0       0       0       0       0       0       0
Total ram usage:        0 bytes
 Hardware stack levels used:    1
 Hardware stack levels required when called:   13
 This function calls:
		_TFT_DrawLine
		_TFT_DrawString
		_TFT_FillScreen
 This function is called by:
		_Ecg_Init
		_Ecg_ProcessEcg
 This function uses a non-reentrant model


 *************** function _TFT_DrawLine *****************
 Defined at:
		line 100 in file "TFT.c"
 Parameters:    Size  Location     Type
  x0              2   14[BANK0 ] int 
  y0              2   16[BANK0 ] int 
  x1              2   18[BANK0 ] int 
  y1              2   20[BANK0 ] int 
  color           2   22[BANK0 ] unsigned int 
 Auto vars:     Size  Location     Type
  t               2   33[BANK0 ] int 
  t               2   31[BANK0 ] int 
  t               2   29[BANK0 ] int 
  t               2   27[BANK0 ] int 
  dx              2   43[BANK0 ] int 
  steep           2   41[BANK0 ] int 
  err             2   39[BANK0 ] int 
  ystep           2   37[BANK0 ] int 
  dy              2   35[BANK0 ] int 
 Return value:  Size  Location     Type
                  1    wreg      void 
 Registers used:
		wreg, status,2, status,0, cstack
 Tracked objects:
		On entry : 
		On exit  : 
		Unchanged: 
 Data sizes:     COMRAM   BANK0   BANK1   BANK2   BANK3   BANK4   BANK5   BANK6   BANK7
      Params:         0      10       0       0       0       0       0       0       0
      Locals:         0      18       0       0       0       0       0       0       0
      Temps:          0       3       0       0       0       0       0       0       0
      Totals:         0      31       0       0       0       0       0       0       0
Total ram usage:       31 bytes
 Hardware stack levels used:    1
 Hardware stack levels required when called:    9
 This function calls:
		_TFT_DrawPixel
		___awdiv
		_abs
 This function is called by:
		_Ecg_Background_Leads_Ok
		_Ecg_Draw
 This function uses a non-reentrant model


 *************** function _abs *****************
 Defined at:
		line 4 in file "/opt/microchip/xc8/v2.10/pic/sources/c90/common/abs.c"
 Parameters:    Size  Location     Type
  a               2    0[BANK0 ] int 
 Auto vars:     Size  Location     Type
		None
 Return value:  Size  Location     Type
                  2    0[BANK0 ] int 
 Registers used:
		wreg, status,2, status,0
 Tracked objects:
		On entry : 
		On exit  : 
		Unchanged: 
 Data sizes:     COMRAM   BANK0   BANK1   BANK2   BANK3   BANK4   BANK5   BANK6   BANK7
      Params:         0       2       0       0       0       0       0       0       0
      Locals:         0       0       0       0       0       0       0       0       0
      Temps:          0       2       0       0       0       0       0       0       0
      Totals:         0       4       0       0       0       0       0       0       0
Total ram usage:        4 bytes
 Hardware stack levels used:    1
 Hardware stack levels required when called:    7
 This function calls:
		Nothing
 This function is called by:
		_TFT_DrawLine
		_Ecg_ProcessHeartbeat
 This function uses a non-reentrant model


 *************** function ___awdiv *****************
 Defined at:
		line 7 in file "/opt/microchip/xc8/v2.10/pic/sources/c90/common/awdiv.c"
 Parameters:    Size  Location     Type
  dividend        2    0[BANK0 ] int 
  divisor         2    2[BANK0 ] int 
 Auto vars:     Size  Location     Type
  quotient        2    6[BANK0 ] int 
  sign            1    5[BANK0 ] unsigned char 
  counter         1    4[BANK0 ] unsigned char 
 Return value:  Size  Location     Type
                  2    0[BANK0 ] int 
 Registers used:
		wreg, status,2, status,0
 Tracked objects:
		On entry : 
		On exit  : 
		Unchanged: 
 Data sizes:     COMRAM   BANK0   BANK1   BANK2   BANK3   BANK4   BANK5   BANK6   BANK7
      Params:         0       4       0       0       0       0       0       0       0
      Locals:         0       4       0       0       0       0       0       0       0
      Temps:          0       0       0       0       0       0       0       0       0
      Totals:         0       8       0       0       0       0       0       0       0
Total ram usage:        8 bytes
 Hardware stack levels used:    1
 Hardware stack levels required when called:    7
 This function calls:
		Nothing
 This function is called by:
		_TFT_DrawLine
 This function uses a non-reentrant model


 *************** function _Ecg_Background_Leads_Failure *****************
 Defined at:
		line 188 in file "ecg.c"
 Parameters:    Size  Location     Type
		None
 Auto vars:     Size  Location     Type
		None
 Return value:  Size  Location     Type
                  1    wreg      void 
 Registers used:
		wreg, fsr0l, fsr0h, status,2, status,0, tblptrl, tblptrh, tblptru, prodl, prodh, cstack
 Tracked objects:
		On entry : 
		On exit  : 
		Unchanged: 
 Data sizes:     COMRAM   BANK0   BANK1   BANK2   BANK3   BANK4   BANK5   BANK6   BANK7
      Params:         0       0       0       0       0       0       0       0       0
      Locals:         0       0       0       0       0       0       0       0       0
      Temps:          0       0       0       0       0       0       0       0       0
      Totals:         0       0       0       0       0       0       0       0       0
Total ram usage:        0 bytes
 Hardware stack levels used:    1
 Hardware stack levels required when called:   13
 This function calls:
		_TFT_DrawString
		_TFT_FillScreen
 This function is called by:
		_Ecg_Init
		_Ecg_ProcessEcg
 This function uses a non-reentrant model


 *************** function _TFT_FillScreen *****************
 Defined at:
		line 182 in file "TFT.c"
 Parameters:    Size  Location     Type
  color           2   23[BANK0 ] unsigned int 
 Auto vars:     Size  Location     Type
		None
 Return value:  Size  Location     Type
                  1    wreg      void 
 Registers used:
		wreg, status,2, status,0, cstack
 Tracked objects:
		On entry : 
		On exit  : 
		Unchanged: 
 Data sizes:     COMRAM   BANK0   BANK1   BANK2   BANK3   BANK4   BANK5   BANK6   BANK7
      Params:         0       2       0       0       0       0       0       0       0
      Locals:         0       0       0       0       0       0       0       0       0
      Temps:          0       0       0       0       0       0       0       0       0
      Totals:         0       2       0       0       0       0       0       0       0
Total ram usage:        2 bytes
 Hardware stack levels used:    1
 Hardware stack levels required when called:    9
 This function calls:
		_TFT_Flood
		_TFT_WriteRegister
 This function is called by:
		_TFT_Init
		_Ecg_Background_Leads_Ok
		_Ecg_Background_Leads_Failure
 This function uses a non-reentrant model


 *************** function _TFT_DrawString *****************
 Defined at:
		line 213 in file "TFT.c"
 Parameters:    Size  Location     Type
  x               2   58[BANK0 ] unsigned int 
  y               2   60[BANK0 ] unsigned int 
  str             2   62[BANK0 ] PTR const unsigned char 
		 -> STR_3(28), STR_2(11), Ecg_ProcessHeartRate@heartrateString(5), 
  color           2   64[BANK0 ] unsigned int 
  bg              2   66[BANK0 ] unsigned int 
  size            1   68[BANK0 ] unsigned char 
 Auto vars:     Size  Location     Type
		None
 Return value:  Size  Location     Type
                  1    wreg      void 
 Registers used:
		wreg, fsr0l, fsr0h, status,2, status,0, tblptrl, tblptrh, tblptru, prodl, prodh, cstack
 Tracked objects:
		On entry : 
		On exit  : 
		Unchanged: 
 Data sizes:     COMRAM   BANK0   BANK1   BANK2   BANK3   BANK4   BANK5   BANK6   BANK7
      Params:         0      11       0       0       0       0       0       0       0
      Locals:         0       0       0       0       0       0       0       0       0
      Temps:          0       0       0       0       0       0       0       0       0
      Totals:         0      11       0       0       0       0       0       0       0
Total ram usage:       11 bytes
 Hardware stack levels used:    1
 Hardware stack levels required when called:   12
 This function calls:
		_TFT_DrawChar
 This function is called by:
		_Ecg_Background_Leads_Ok
		_Ecg_Background_Leads_Failure
		_Ecg_ProcessHeartRate
 This function uses a non-reentrant model


 *************** function _TFT_DrawChar *****************
 Defined at:
		line 192 in file "TFT.c"
 Parameters:    Size  Location     Type
  x               2   37[BANK0 ] unsigned int 
  y               2   39[BANK0 ] unsigned int 
  c               1   41[BANK0 ] unsigned char 
  color           2   42[BANK0 ] unsigned int 
  bg              2   44[BANK0 ] unsigned int 
  size            1   46[BANK0 ] unsigned char 
 Auto vars:     Size  Location     Type
  j               1   56[BANK0 ] char 
  line            1   51[BANK0 ] unsigned char 
  i               1   57[BANK0 ] char 
 Return value:  Size  Location     Type
                  1    wreg      void 
 Registers used:
		wreg, status,2, status,0, tblptrl, tblptrh, tblptru, prodl, prodh, cstack
 Tracked objects:
		On entry : 
		On exit  : 
		Unchanged: 
 Data sizes:     COMRAM   BANK0   BANK1   BANK2   BANK3   BANK4   BANK5   BANK6   BANK7
      Params:         0      10       0       0       0       0       0       0       0
      Locals:         0       7       0       0       0       0       0       0       0
      Temps:          0       4       0       0       0       0       0       0       0
      Totals:         0      21       0       0       0       0       0       0       0
Total ram usage:       21 bytes
 Hardware stack levels used:    1
 Hardware stack levels required when called:   11
 This function calls:
		_TFT_DrawFillRect
		_TFT_DrawPixel
		___wmul
 This function is called by:
		_TFT_DrawString
		_EUSART_RX_Process
 This function uses a non-reentrant model


 *************** function _TFT_DrawPixel *****************
 Defined at:
		line 94 in file "TFT.c"
 Parameters:    Size  Location     Type
  x               2    8[BANK0 ] unsigned int 
  y               2   10[BANK0 ] unsigned int 
  color           2   12[BANK0 ] unsigned int 
 Auto vars:     Size  Location     Type
		None
 Return value:  Size  Location     Type
                  1    wreg      void 
 Registers used:
		wreg, status,2, cstack
 Tracked objects:
		On entry : 
		On exit  : 
		Unchanged: 
 Data sizes:     COMRAM   BANK0   BANK1   BANK2   BANK3   BANK4   BANK5   BANK6   BANK7
      Params:         0       6       0       0       0       0       0       0       0
      Locals:         0       0       0       0       0       0       0       0       0
      Temps:          0       0       0       0       0       0       0       0       0
      Totals:         0       6       0       0       0       0       0       0       0
Total ram usage:        6 bytes
 Hardware stack levels used:    1
 Hardware stack levels required when called:    8
 This function calls:
		_TFT_WriteRegister
 This function is called by:
		_TFT_DrawLine
		_TFT_DrawChar
		_TFT_DrawBitmap
 This function uses a non-reentrant model


 *************** function _TFT_DrawFillRect *****************
 Defined at:
		line 138 in file "TFT.c"
 Parameters:    Size  Location     Type
  x               2   23[BANK0 ] unsigned int 
  y               2   25[BANK0 ] unsigned int 
  w               2   27[BANK0 ] unsigned int 
  h               2   29[BANK0 ] unsigned int 
  color           2   31[BANK0 ] unsigned int 
 Auto vars:     Size  Location     Type
		None
 Return value:  Size  Location     Type
                  1    wreg      void 
 Registers used:
		wreg, status,2, status,0, prodl, prodh, cstack
 Tracked objects:
		On entry : 
		On exit  : 
		Unchanged: 
 Data sizes:     COMRAM   BANK0   BANK1   BANK2   BANK3   BANK4   BANK5   BANK6   BANK7
      Params:         0      10       0       0       0       0       0       0       0
      Locals:         0       0       0       0       0       0       0       0       0
      Temps:          0       4       0       0       0       0       0       0       0
      Totals:         0      14       0       0       0       0       0       0       0
Total ram usage:       14 bytes
 Hardware stack levels used:    1
 Hardware stack levels required when called:   10
 This function calls:
		_TFT_Flood
		_TFT_FullScreen
		_TFT_SetAddrWindow
		___wmul
 This function is called by:
		_TFT_DrawChar
		_Ecg_ProcessHeartbeat
		_Ecg_Draw
		_EUSART_RX_Process
 This function uses a non-reentrant model


 *************** function ___wmul *****************
 Defined at:
		line 15 in file "/opt/microchip/xc8/v2.10/pic/sources/c90/common/Umul16.c"
 Parameters:    Size  Location     Type
  multiplier      2    0[BANK0 ] unsigned int 
  multiplicand    2    2[BANK0 ] unsigned int 
 Auto vars:     Size  Location     Type
  product         2    4[BANK0 ] unsigned int 
 Return value:  Size  Location     Type
                  2    0[BANK0 ] unsigned int 
 Registers used:
		wreg, status,2, status,0, prodl, prodh
 Tracked objects:
		On entry : 
		On exit  : 
		Unchanged: 
 Data sizes:     COMRAM   BANK0   BANK1   BANK2   BANK3   BANK4   BANK5   BANK6   BANK7
      Params:         0       4       0       0       0       0       0       0       0
      Locals:         0       2       0       0       0       0       0       0       0
      Temps:          0       0       0       0       0       0       0       0       0
      Totals:         0       6       0       0       0       0       0       0       0
Total ram usage:        6 bytes
 Hardware stack levels used:    1
 Hardware stack levels required when called:    7
 This function calls:
		Nothing
 This function is called by:
		_TFT_DrawFillRect
		_TFT_DrawChar
		_EUSART_RX_Process
 This function uses a non-reentrant model


 *************** function _TFT_FullScreen *****************
 Defined at:
		line 68 in file "TFT.c"
 Parameters:    Size  Location     Type
		None
 Auto vars:     Size  Location     Type
		None
 Return value:  Size  Location     Type
                  1    wreg      void 
 Registers used:
		wreg, status,2, cstack
 Tracked objects:
		On entry : 
		On exit  : 
		Unchanged: 
 Data sizes:     COMRAM   BANK0   BANK1   BANK2   BANK3   BANK4   BANK5   BANK6   BANK7
      Params:         0       0       0       0       0       0       0       0       0
      Locals:         0       0       0       0       0       0       0       0       0
      Temps:          0       0       0       0       0       0       0       0       0
      Totals:         0       0       0       0       0       0       0       0       0
Total ram usage:        0 bytes
 Hardware stack levels used:    1
 Hardware stack levels required when called:    9
 This function calls:
		_TFT_SetAddrWindow
 This function is called by:
		_TFT_Init
		_TFT_DrawFillRect
 This function uses a non-reentrant model


 *************** function _TFT_SetAddrWindow *****************
 Defined at:
		line 56 in file "TFT.c"
 Parameters:    Size  Location     Type
  x1              2    8[BANK0 ] unsigned int 
  y1              2   10[BANK0 ] unsigned int 
  x2              2   12[BANK0 ] unsigned int 
  y2              2   14[BANK0 ] unsigned int 
 Auto vars:     Size  Location     Type
		None
 Return value:  Size  Location     Type
                  1    wreg      void 
 Registers used:
		wreg, status,2, cstack
 Tracked objects:
		On entry : 
		On exit  : 
		Unchanged: 
 Data sizes:     COMRAM   BANK0   BANK1   BANK2   BANK3   BANK4   BANK5   BANK6   BANK7
      Params:         0       8       0       0       0       0       0       0       0
      Locals:         0       0       0       0       0       0       0       0       0
      Temps:          0       0       0       0       0       0       0       0       0
      Totals:         0       8       0       0       0       0       0       0       0
Total ram usage:        8 bytes
 Hardware stack levels used:    1
 Hardware stack levels required when called:    8
 This function calls:
		_TFT_WriteRegister
 This function is called by:
		_TFT_FullScreen
		_TFT_DrawFillRect
 This function uses a non-reentrant model


 *************** function _TFT_Flood *****************
 Defined at:
		line 144 in file "TFT.c"
 Parameters:    Size  Location     Type
  color           2    8[BANK0 ] unsigned int 
  len             4   10[BANK0 ] unsigned long 
 Auto vars:     Size  Location     Type
  blocks          2   18[BANK0 ] unsigned int 
  color_lo        1   22[BANK0 ] unsigned char 
[...]
 Registers used:
		wreg, status,2
 Tracked objects:
		On entry : 
		On exit  : 
		Unchanged: 
 Data sizes:     COMRAM   BANK0   BANK1   BANK2   BANK3   BANK4   BANK5   BANK6   BANK7
      Params:         0       4       0       0       0       0       0       0       0
      Locals:         0       4       0       0       0       0       0       0       0
      Temps:          0       0       0       0       0       0       0       0       0
      Totals:         0       8       0       0       0       0       0       0       0
Total ram usage:        8 bytes
 Hardware stack levels used:    1
 Hardware stack levels required when called:    7
 This function calls:
		Nothing
 This function is called by:
		_TFT_SetAddrWindow
		_TFT_Init
		_TFT_DrawPixel
		_TFT_Flood
		_TFT_FillScreen
 This function uses a non-reentrant model


 *************** function _EUSART_Init *****************
 Defined at:
		line 12 in file "eusart.c"
 Parameters:    Size  Location     Type
		None
 Auto vars:     Size  Location     Type
		None
 Return value:  Size  Location     Type
                  1    wreg      void 
 Registers used:
		wreg, fsr2l, fsr2h, status,2, status,0, cstack
 Tracked objects:
		On entry : 
		On exit  : 
		Unchanged: 
 Data sizes:     COMRAM   BANK0   BANK1   BANK2   BANK3   BANK4   BANK5   BANK6   BANK7
      Params:         0       0       0       0       0       0       0       0       0
      Locals:         0       0       0       0       0       0       0       0       0
      Temps:          0       0       0       0       0       0       0       0       0
      Totals:         0       0       0       0       0       0       0       0       0
Total ram usage:        0 bytes
 Hardware stack levels used:    1
 Hardware stack levels required when called:    8
 This function calls:
		_memset
 This function is called by:
		_main
 This function uses a non-reentrant model


 *************** function _memset *****************
 Defined at:
		line 8 in file "/opt/microchip/xc8/v2.10/pic/sources/c90/common/memset.c"
 Parameters:    Size  Location     Type
  p1              2    0[BANK0 ] PTR void 
		 -> EUSART_RX(132), 
  c               2    2[BANK0 ] int 
  n               2    4[BANK0 ] unsigned int 
 Auto vars:     Size  Location     Type
  p               2    6[BANK0 ] PTR unsigned char 
		 -> EUSART_RX(132), 
 Return value:  Size  Location     Type
                  2    0[BANK0 ] PTR void 
 Registers used:
		wreg, fsr2l, fsr2h, status,2, status,0
 Tracked objects:
		On entry : 
		On exit  : 
		Unchanged: 
 Data sizes:     COMRAM   BANK0   BANK1   BANK2   BANK3   BANK4   BANK5   BANK6   BANK7
      Params:         0       6       0       0       0       0       0       0       0
      Locals:         0       2       0       0       0       0       0       0       0
      Temps:          0       0       0       0       0       0       0       0       0
      Totals:         0       8       0       0       0       0       0       0       0
Total ram usage:        8 bytes
 Hardware stack levels used:    1
 Hardware stack levels required when called:    7
 This function calls:
		Nothing
 This function is called by:
		_EUSART_Init
 This function uses a non-reentrant model


 *************** function _isr *****************
 Defined at:
		line 90 in file "init.c"
 Parameters:    Size  Location     Type
		None
 Auto vars:     Size  Location     Type
		None
 Return value:  Size  Location     Type
                  1    wreg      void 
 Registers used:
		wreg, fsr2l, fsr2h, status,2, status,0, tblptrl, tblptrh, tblptru, prodl, prodh, cstack
 Tracked objects:
		On entry : 
		On exit  : 
		Unchanged: 
 Data sizes:     COMRAM   BANK0   BANK1   BANK2   BANK3   BANK4   BANK5   BANK6   BANK7
      Params:         0       0       0       0       0       0       0       0       0
      Locals:         0       0       0       0       0       0       0       0       0
      Temps:          8       0       0       0       0       0       0       0       0
      Totals:         8       0       0       0       0       0       0       0       0
Total ram usage:        8 bytes
 Hardware stack levels used:    1
 Hardware stack levels required when called:    6
 This function calls:
		_EUSART_RX_Interrupt
		_Ecg_Interrupt
 This function is called by:
		Interrupt level 2
 This function uses a non-reentrant model


 *************** function _Ecg_Interrupt *****************
 Defined at:
		line 135 in file "ecg.c"
 Parameters:    Size  Location     Type
		None
 Auto vars:     Size  Location     Type
		None
 Return value:  Size  Location     Type
                  1    wreg      void 
 Registers used:
		wreg, status,2, status,0
 Tracked objects:
		On entry : 
		On exit  : 
		Unchanged: 
 Data sizes:     COMRAM   BANK0   BANK1   BANK2   BANK3   BANK4   BANK5   BANK6   BANK7
      Params:         0       0       0       0       0       0       0       0       0
      Locals:         0       0       0       0       0       0       0       0       0
      Temps:          2       0       0       0       0       0       0       0       0
      Totals:         2       0       0       0       0       0       0       0       0
Total ram usage:        2 bytes
 Hardware stack levels used:    1
 This function calls:
		Nothing
 This function is called by:
		_isr
 This function uses a non-reentrant model


 *************** function _EUSART_RX_Interrupt *****************
 Defined at:
		line 54 in file "eusart.c"
 Parameters:    Size  Location     Type
		None
 Auto vars:     Size  Location     Type
  c               1   60[COMRAM] unsigned char 
 Return value:  Size  Location     Type
                  1    wreg      void 
 Registers used:
		wreg, fsr2l, fsr2h, status,2, status,0, tblptrl, tblptrh, tblptru, prodl, prodh, cstack
 Tracked objects:
		On entry : 
		On exit  : 
		Unchanged: 
 Data sizes:     COMRAM   BANK0   BANK1   BANK2   BANK3   BANK4   BANK5   BANK6   BANK7
      Params:         0       0       0       0       0       0       0       0       0
      Locals:         3       0       0       0       0       0       0       0       0
      Temps:          0       0       0       0       0       0       0       0       0
      Totals:         3       0       0       0       0       0       0       0       0
Total ram usage:        3 bytes
 Hardware stack levels used:    1
 Hardware stack levels required when called:    5
 This function calls:
		i2_TFT_DrawChar
		i2_TFT_DrawFillRect
		i2___wmul
 This function is called by:
		_isr
 This function uses a non-reentrant model


 *************** function i2_TFT_DrawChar *****************
 Defined at:
		line 192 in file "TFT.c"
 Parameters:    Size  Location     Type
  x               2   37[COMRAM] unsigned int 
  y               2   39[COMRAM] unsigned int 
  c               1   41[COMRAM] unsigned char 
  color           2   42[COMRAM] unsigned int 
  bg              2   44[COMRAM] unsigned int 
  size            1   46[COMRAM] unsigned char 
 Auto vars:     Size  Location     Type
  TFT_DrawChar    1   57[COMRAM] char 
  TFT_DrawChar    1   56[COMRAM] char 
  TFT_DrawChar    1   51[COMRAM] unsigned char 
 Return value:  Size  Location     Type
                  1    wreg      void 
 Registers used:
		wreg, status,2, status,0, tblptrl, tblptrh, tblptru, prodl, prodh, cstack
 Tracked objects:
		On entry : 
		On exit  : 
		Unchanged: 
 Data sizes:     COMRAM   BANK0   BANK1   BANK2   BANK3   BANK4   BANK5   BANK6   BANK7
      Params:        10       0       0       0       0       0       0       0       0
      Locals:         7       0       0       0       0       0       0       0       0
      Temps:          4       0       0       0       0       0       0       0       0
      Totals:        21       0       0       0       0       0       0       0       0
Total ram usage:       21 bytes
 Hardware stack levels used:    1
 Hardware stack levels required when called:    4
 This function calls:
		i2_TFT_DrawFillRect
		i2_TFT_DrawPixel
		i2___wmul
 This function is called by:
		_EUSART_RX_Interrupt
 This function uses a non-reentrant model


 *************** function i2_TFT_DrawPixel *****************
 Defined at:
		line 94 in file "TFT.c"
 Parameters:    Size  Location     Type
  x               2    8[COMRAM] unsigned int 
  y               2   10[COMRAM] unsigned int 
  color           2   12[COMRAM] unsigned int 
 Auto vars:     Size  Location     Type
		None
 Return value:  Size  Location     Type
                  1    wreg      void 
 Registers used:
		wreg, status,2, cstack
 Tracked objects:
		On entry : 
		On exit  : 
		Unchanged: 
 Data sizes:     COMRAM   BANK0   BANK1   BANK2   BANK3   BANK4   BANK5   BANK6   BANK7
      Params:         6       0       0       0       0       0       0       0       0
      Locals:         0       0       0       0       0       0       0       0       0
      Temps:          0       0       0       0       0       0       0       0       0
      Totals:         6       0       0       0       0       0       0       0       0
Total ram usage:        6 bytes
 Hardware stack levels used:    1
 Hardware stack levels required when called:    1
 This function calls:
		i2_TFT_WriteRegister
 This function is called by:
		i2_TFT_DrawChar
 This function uses a non-reentrant model


 *************** function i2_TFT_DrawFillRect *****************
 Defined at:
		line 138 in file "TFT.c"
 Parameters:    Size  Location     Type
  x               2   23[COMRAM] unsigned int 
  y               2   25[COMRAM] unsigned int 
  w               2   27[COMRAM] unsigned int 
  h               2   29[COMRAM] unsigned int 
  color           2   31[COMRAM] unsigned int 
 Auto vars:     Size  Location     Type
		None
 Return value:  Size  Location     Type
                  1    wreg      void 
 Registers used:
		wreg, status,2, status,0, prodl, prodh, cstack
 Tracked objects:
		On entry : 
		On exit  : 
		Unchanged: 
 Data sizes:     COMRAM   BANK0   BANK1   BANK2   BANK3   BANK4   BANK5   BANK6   BANK7
      Params:        10       0       0       0       0       0       0       0       0
      Locals:         0       0       0       0       0       0       0       0       0
      Temps:          4       0       0       0       0       0       0       0       0
      Totals:        14       0       0       0       0       0       0       0       0
Total ram usage:       14 bytes
 Hardware stack levels used:    1
 Hardware stack levels required when called:    3
 This function calls:
		i2_TFT_Flood
		i2_TFT_FullScreen
		i2_TFT_SetAddrWindow
		i2___wmul
 This function is called by:
		_EUSART_RX_Interrupt
		i2_TFT_DrawChar
 This function uses a non-reentrant model


 *************** function i2___wmul *****************
 Defined at:
		line 15 in file "/opt/microchip/xc8/v2.10/pic/sources/c90/common/Umul16.c"
 Parameters:    Size  Location     Type
  multiplier      2    0[COMRAM] unsigned int 
  multiplicand    2    2[COMRAM] unsigned int 
 Auto vars:     Size  Location     Type
  __wmul          2    4[COMRAM] unsigned int 
 Return value:  Size  Location     Type
                  2    0[COMRAM] unsigned int 
 Registers used:
		wreg, status,2, status,0, prodl, prodh
 Tracked objects:
		On entry : 
		On exit  : 
		Unchanged: 
 Data sizes:     COMRAM   BANK0   BANK1   BANK2   BANK3   BANK4   BANK5   BANK6   BANK7
      Params:         4       0       0       0       0       0       0       0       0
      Locals:         2       0       0       0       0       0       0       0       0
      Temps:          0       0       0       0       0       0       0       0       0
      Totals:         6       0       0       0       0       0       0       0       0
Total ram usage:        6 bytes
 Hardware stack levels used:    1
 This function calls:
		Nothing
 This function is called by:
		_EUSART_RX_Interrupt
		i2_TFT_DrawFillRect
		i2_TFT_DrawChar
 This function uses a non-reentrant model


 *************** function i2_TFT_FullScreen *****************
 Defined at:
		line 68 in file "TFT.c"
 Parameters:    Size  Location     Type
		None
 Auto vars:     Size  Location     Type
		None
 Return value:  Size  Location     Type
                  1    wreg      void 
 Registers used:
		wreg, status,2, cstack
 Tracked objects:
		On entry : 
		On exit  : 
		Unchanged: 
 Data sizes:     COMRAM   BANK0   BANK1   BANK2   BANK3   BANK4   BANK5   BANK6   BANK7
      Params:         0       0       0       0       0       0       0       0       0
      Locals:         0       0       0       0       0       0       0       0       0
      Temps:          0       0       0       0       0       0       0       0       0
      Totals:         0       0       0       0       0       0       0       0       0
Total ram usage:        0 bytes
 Hardware stack levels used:    1
 Hardware stack levels required when called:    2
 This function calls:
		i2_TFT_SetAddrWindow
 This function is called by:
		i2_TFT_DrawFillRect
 This function uses a non-reentrant model


 *************** function i2_TFT_SetAddrWindow *****************
 Defined at:
		line 56 in file "TFT.c"
 Parameters:    Size  Location     Type
  x1              2    8[COMRAM] unsigned int 
  y1              2   10[COMRAM] unsigned int 
  x2              2   12[COMRAM] unsigned int 
  y2              2   14[COMRAM] unsigned int 
 Auto vars:     Size  Location     Type
		None
 Return value:  Size  Location     Type
                  1    wreg      void 
 Registers used:
		wreg, status,2, cstack
 Tracked objects:
		On entry : 
		On exit  : 
		Unchanged: 
 Data sizes:     COMRAM   BANK0   BANK1   BANK2   BANK3   BANK4   BANK5   BANK6   BANK7
      Params:         8       0       0       0       0       0       0       0       0
      Locals:         0       0       0       0       0       0       0       0       0
      Temps:          0       0       0       0       0       0       0       0       0
      Totals:         8       0       0       0       0       0       0       0       0
Total ram usage:        8 bytes
 Hardware stack levels used:    1
 Hardware stack levels required when called:    1
 This function calls:
		i2_TFT_WriteRegister
 This function is called by:
		i2_TFT_FullScreen
		i2_TFT_DrawFillRect
 This function uses a non-reentrant model


 *************** function i2_TFT_Flood *****************
 Defined at:
		line 144 in file "TFT.c"
 Parameters:    Size  Location     Type
  color           2    8[COMRAM] unsigned int 
  len             4   10[COMRAM] unsigned long 
 Auto vars:     Size  Location     Type
  TFT_Flood       2   18[COMRAM] unsigned int 
  TFT_Flood       1   22[COMRAM] unsigned char 
  TFT_Flood       1   21[COMRAM] unsigned char 
  TFT_Flood       1   20[COMRAM] unsigned char 
 Return value:  Size  Location     Type
                  1    wreg      void 
 Registers used:
		wreg, status,2, status,0, cstack
 Tracked objects:
		On entry : 
		On exit  : 
		Unchanged: 
 Data sizes:     COMRAM   BANK0   BANK1   BANK2   BANK3   BANK4   BANK5   BANK6   BANK7
      Params:         6       0       0       0       0       0       0       0       0
      Locals:         5       0       0       0       0       0       0       0       0
      Temps:          4       0       0       0       0       0       0       0       0
      Totals:        15       0       0       0       0       0       0       0       0
Total ram usage:       15 bytes
 Hardware stack levels used:    1
 Hardware stack levels required when called:    1
 This function calls:
		i2_TFT_WriteRegister
 This function is called by:
		i2_TFT_DrawFillRect
 This function uses a non-reentrant model


 *************** function i2_TFT_WriteRegister *****************
 Defined at:
		line 12 in file "TFT.c"
 Parameters:    Size  Location     Type
  reg             2    0[COMRAM] unsigned int 
  data            2    2[COMRAM] unsigned int 
 Auto vars:     Size  Location     Type
  TFT_WriteReg    1    7[COMRAM] unsigned char 
  TFT_WriteReg    1    6[COMRAM] unsigned char 
  TFT_WriteReg    1    5[COMRAM] unsigned char 
  TFT_WriteReg    1    4[COMRAM] unsigned char 
 Return value:  Size  Location     Type
                  1    wreg      void 
 Registers used:
		wreg, status,2
 Tracked objects:
		On entry : 
		On exit  : 
		Unchanged: 
 Data sizes:     COMRAM   BANK0   BANK1   BANK2   BANK3   BANK4   BANK5   BANK6   BANK7
      Params:         4       0       0       0       0       0       0       0       0
      Locals:         4       0       0       0       0       0       0       0       0
      Temps:          0       0       0       0       0       0       0       0       0
      Totals:         8       0       0       0       0       0       0       0       0
Total ram usage:        8 bytes
 Hardware stack levels used:    1
 This function calls:
		Nothing
 This function is called by:
		i2_TFT_SetAddrWindow
		i2_TFT_DrawPixel
		i2_TFT_Flood
 This function uses a non-reentrant model



MODULE INFORMATION

Module		Function		Class		Link	Load	Size
/opt/microchip/xc8/v2.10/pic/sources/c90/common/memset.c
		_memset        		CODE           	1484	0000	59

/opt/microchip/xc8/v2.10/pic/sources/c90/common/memset.c estimated size: 59

eusart.c
		_EUSART_Init   		CODE           	1262	0000	79
		_EUSART_TX_String		CODE           	155E	0000	47
		_EUSART_TX_Char		CODE           	1684	0000	27
		_EUSART_RX_Interrupt		CODE           	0AD2	0000	267

eusart.c estimated size: 420

/opt/microchip/xc8/v2.10/pic/sources/c90/common/Umul16.c
		___wmul        		CODE           	158C	0000	41

/opt/microchip/xc8/v2.10/pic/sources/c90/common/Umul16.c estimated size: 41

/opt/microchip/xc8/v2.10/pic/sources/c90/common/abs.c
		_abs           		CODE           	14F6	0000	55

/opt/microchip/xc8/v2.10/pic/sources/c90/common/abs.c estimated size: 55

ecg.c
		_Ecg_Init      		CODE           	152C	0000	51
		_Ecg_CheckLeads		CODE           	1210	0000	83
		_Ecg_Background_Leads_Ok		CODE           	0F44	0000	125
		_Ecg_Interrupt 		CODE           	164A	0000	31
		_Ecg_Background_Leads_Failure		CODE           	13CC	0000	65

ecg.c estimated size: 355

TFT.c
		_TFT_DrawPixel 		CODE           	1344	0000	69
		_TFT_WriteRegister		CODE           	12FC	0000	73
		_TFT_DrawFillRect		CODE           	0FC0	0000	123
		_TFT_FullScreen		CODE           	15B4	0000	41
		_TFT_DrawString		CODE           	0E2A	0000	149
		_TFT_Reset     		CODE           	1628	0000	35
		_TFT_SetAddrWindow		CODE           	0EBE	0000	135
		_TFT_Flood     		CODE           	07C0	0000	401
		_TFT_Init      		CODE           	0BDC	0000	237
		_TFT_DrawLine  		CODE           	0212	0000	501
		_TFT_DrawChar  		CODE           	0012	0000	513
		_TFT_FillScreen		CODE           	12B0	0000	77

TFT.c estimated size: 2354

/opt/microchip/xc8/v2.10/pic/sources/c90/common/awdiv.c
		___awdiv       		CODE           	0CC8	0000	199

/opt/microchip/xc8/v2.10/pic/sources/c90/common/awdiv.c estimated size: 199

shared
		_TFT_Init_Sequence		MEDIUMCONST    	5EC9	0000	205
		_TFT_Font      		MEDIUMCONST    	59C9	0000	1281
		i2_TFT_SetAddrWindow		CODE           	103A	0000	123
		i2___wmul      		CODE           	15DC	0000	39
		__initialization		CODE           	119E	0000	101
		i2_TFT_DrawChar		CODE           	0406	0000	501
		_ECG_ICON_HEART		MEDIUMCONST    	5F95	0000	63
		i2_TFT_Flood   		CODE           	0950	0000	387
		i2_TFT_FullScreen		CODE           	1602	0000	39
		i2_TFT_WriteRegister		CODE           	1388	0000	69
		i2_TFT_DrawPixel		CODE           	140C	0000	63
		i2_TFT_DrawFillRect		CODE           	10B4	0000	119

shared estimated size: 2990

/opt/microchip/xc8/v2.10/pic/sources/c90/common/strlen.c
		_strlen        		CODE           	144A	0000	59

/opt/microchip/xc8/v2.10/pic/sources/c90/common/strlen.c estimated size: 59

init.c
		_init          		CODE           	112A	0000	117
		_isr           		CODE           	0008	0000	163

init.c estimated size: 280

main.c
		_loop          		CODE           	05FA	0000	455
		_main          		CODE           	1668	0000	29

main.c estimated size: 484

